ESP-ROM:esp32s3-20210327
Build:Mar 27 2021
rst:0x1 (POWERON),boot:0x8 (SPI_FAST_FLASH_BOOT)
SPIWP:0xee
Octal Flash Mode Enabled
For OPI Flash, Use Default Flash Boot Mode
mode:SLOW_RD, clock div:1
load:0x3fce3810,len:0x178c
load:0x403c9700,len:0x4
load:0x403c9704,len:0xcbc
load:0x403cc700,len:0x2d98
entry 0x403c9914
[0;32mI (33) boot: ESP-IDF v5.2-dirty 2nd stage bootloader[0m
[0;32mI (33) boot: compile time Mar 17 2024 11:51:15[0m
[0;32mI (33) boot: Multicore bootloader[0m
[0;32mI (37) boot: chip revision: v0.1[0m
[0;32mI (40) boot.esp32s3: Boot SPI Speed : 80MHz[0m
[0;32mI (45) boot.esp32s3: SPI Mode       : SLOW READ[0m
[0;32mI (50) boot.esp32s3: SPI Flash Size : 2MB[0m
[0;32mI (55) boot: Enabling RNG early entropy source...[0m
[0;32mI (61) boot: Partition Table:[0m
[0;32mI (64) boot: ## Label            Usage          Type ST Offset   Length[0m
[0;32mI (71) boot:  0 nvs              WiFi data        01 02 00009000 00006000[0m
[0;32mI (79) boot:  1 phy_init         RF data          01 01 0000f000 00001000[0m
[0;32mI (86) boot:  2 factory          factory app      00 00 00010000 00100000[0m
[0;32mI (94) boot: End of partition table[0m
[0;32mI (98) esp_image: segment 0: paddr=00010020 vaddr=3c020020 size=0e38ch ( 58252) map[0m
[0;32mI (120) esp_image: segment 1: paddr=0001e3b4 vaddr=3fc92400 size=01c64h (  7268) load[0m
[0;32mI (123) esp_image: segment 2: paddr=00020020 vaddr=42000020 size=1f710h (128784) map[0m
[0;32mI (157) esp_image: segment 3: paddr=0003f738 vaddr=3fc94064 size=00c7ch (  3196) load[0m
[0;32mI (158) esp_image: segment 4: paddr=000403bc vaddr=40374000 size=0e394h ( 58260) load[0m
[0;32mI (184) boot: Loaded app from partition at offset 0x10000[0m
[0;32mI (185) boot: Disabling RNG early entropy source...[0m
[0;32mI (196) cpu_start: Multicore app[0m
[0;32mI (205) cpu_start: Pro cpu start user code[0m
[0;32mI (205) cpu_start: cpu freq: 160000000 Hz[0m
[0;32mI (205) cpu_start: Application information:[0m
[0;32mI (208) cpu_start: Project name:     atp[0m
[0;32mI (213) cpu_start: App version:      v5.2-dirty[0m
[0;32mI (218) cpu_start: Compile time:     Mar 17 2024 11:50:57[0m
[0;32mI (224) cpu_start: ELF file SHA256:  0f150f77a...[0m
[0;32mI (230) cpu_start: ESP-IDF:          v5.2-dirty[0m
[0;32mI (235) cpu_start: Min chip rev:     v0.0[0m
[0;32mI (240) cpu_start: Max chip rev:     v0.99 [0m
[0;32mI (244) cpu_start: Chip rev:         v0.1[0m
[0;32mI (249) heap_init: Initializing. RAM available for dynamic allocation:[0m
[0;32mI (256) heap_init: At 3FC95600 len 00054110 (336 KiB): RAM[0m
[0;32mI (262) heap_init: At 3FCE9710 len 00005724 (21 KiB): RAM[0m
[0;32mI (269) heap_init: At 3FCF0000 len 00008000 (32 KiB): DRAM[0m
[0;32mI (275) heap_init: At 600FE010 len 00001FD8 (7 KiB): RTCRAM[0m
[0;33mW (281) spi_flash: Octal flash chip is using but dio mode is selected, will automatically swich to Octal mode[0m
[0;32mI (292) spi_flash: detected chip: mxic (opi)[0m
[0;32mI (296) spi_flash: flash io: opi_str[0m
[0;33mW (301) spi_flash: Detected size(32768k) larger than the size in the binary image header(2048k). Using the size in the binary image header.[0m
[0;32mI (314) sleep: Configure to isolate all GPIO pins in sleep state[0m
[0;32mI (321) sleep: Enable automatic switching of GPIO sleep configuration[0m
[0;32mI (328) main_task: Started on CPU0[0m
[0;32mI (338) main_task: Calling app_main()[0m
[0;32mI (338) gpio: GPIO[7]| InputEn: 1| OutputEn: 1| OpenDrain: 1| Pullup: 1| Pulldown: 0| Intr:0 [0m
[0;32mI (348) gpio: GPIO[6]| InputEn: 1| OutputEn: 1| OpenDrain: 1| Pullup: 1| Pulldown: 0| Intr:0 [0m
[0;32mI (368) gpio: GPIO[7]| InputEn: 1| OutputEn: 1| OpenDrain: 1| Pullup: 1| Pulldown: 0| Intr:0 [0m
[0;32mI (368) gpio: GPIO[6]| InputEn: 1| OutputEn: 1| OpenDrain: 1| Pullup: 1| Pulldown: 0| Intr:0 [0m
[0;32mI (378) gpio: GPIO[5]| InputEn: 1| OutputEn: 1| OpenDrain: 1| Pullup: 1| Pulldown: 0| Intr:0 [0m
[0;32mI (378) gpio: GPIO[4]| InputEn: 1| OutputEn: 1| OpenDrain: 1| Pullup: 1| Pulldown: 0| Intr:0 [0m
[0;32mI (408) gpio: GPIO[5]| InputEn: 1| OutputEn: 1| OpenDrain: 1| Pullup: 1| Pulldown: 0| Intr:0 [0m
[0;32mI (408) gpio: GPIO[4]| InputEn: 1| OutputEn: 1| OpenDrain: 1| Pullup: 1| Pulldown: 0| Intr:0 [0m
Relative Humidity : 50.85 RH 
Temperature in Fahrenheit : 77.96 F 
[0;31mE (1718) i2c.common: i2c_acquire_bus_handle(105): acquire bus failed, no free bus[0m
[0;31mE (1718) i2c.master: i2c_new_master_bus(792): I2C bus acquire failed[0m
Guru Meditation Error: Core  0 panic'ed (LoadProhibited). Exception was unhandled.

Core  0 register dump:
PC      : 0x4200c24d  PS      : 0x00060930  A0      : 0x8200aea8  A1      : 0x3fc99190  
A2      : 0x00000000  A3      : 0x3c025b70  A4      : 0x3c025e58  A5      : 0x3fc991d0  
A6      : 0x00000000  A7      : 0x0000000c  A8      : 0x8201f6a8  A9      : 0x3fc99140  
A10     : 0x00000050  A11     : 0x3fc991d0  A12     : 0x3fc991b0  A13     : 0x0000000c  
A14     : 0x3fc99180  A15     : 0x0000000c  SAR     : 0x00000004  EXCCAUSE: 0x0000001c  
EXCVADDR: 0x00000000  LBEG    : 0x400556d5  LEND    : 0x400556e5  LCOUNT  : 0xfffffffb  


Backtrace: 0x4200c24a:0x3fc99190 0x4200aea5:0x3fc991c0 0x4200bb83:0x3fc991f0 0x42008521:0x3fc99240 0x4200869b:0x3fc99290 0x420084d4:0x3fc992b0 0x4201ee5f:0x3fc992d0 0x4037a9e1:0x3fc99300




ELF file SHA256: 0f150f77a

Rebooting...
ESP-ROM:esp32s3-20210327
Build:Mar 27 2021
rst:0xc (RTC_SW_CPU_RST),boot:0x8 (SPI_FAST_FLASH_BOOT)
Saved PC:0x40375860
SPIWP:0xee
Octal Flash Mode Enabled
For OPI Flash, Use Default Flash Boot Mode
mode:SLOW_RD, clock div:1
load:0x3fce3810,len:0x178c
load:0x403c9700,len:0x4
load:0x403c9704,len:0xcbc
load:0x403cc700,len:0x2d98
entry 0x403c9914
[0;32mI (37) boot: ESP-IDF v5.2-dirty 2nd stage bootloader[0m
[0;32mI (38) boot: compile time Mar 17 2024 11:51:15[0m
[0;32mI (38) boot: Multicore bootloader[0m
[0;32mI (41) boot: chip revision: v0.1[0m
[0;32mI (45) boot.esp32s3: Boot SPI Speed : 80MHz[0m
[0;32mI (50) boot.esp32s3: SPI Mode       : SLOW READ[0m
[0;32mI (55) boot.esp32s3: SPI Flash Size : 2MB[0m
[0;32mI (60) boot: Enabling RNG early entropy source...[0m
[0;32mI (65) boot: Partition Table:[0m
[0;32mI (69) boot: ## Label            Usage          Type ST Offset   Length[0m
[0;32mI (76) boot:  0 nvs              WiFi data        01 02 00009000 00006000[0m
[0;32mI (83) boot:  1 phy_init         RF data          01 01 0000f000 00001000[0m
[0;32mI (91) boot:  2 factory          factory app      00 00 00010000 00100000[0m
[0;32mI (98) boot: End of partition table[0m
[0;32mI (103) esp_image: segment 0: paddr=00010020 vaddr=3c020020 size=0e38ch ( 58252) map[0m
[0;32mI (125) esp_image: segment 1: paddr=0001e3b4 vaddr=3fc92400 size=01c64h (  7268) load[0m
[0;32mI (127) esp_image: segment 2: paddr=00020020 vaddr=42000020 size=1f710h (128784) map[0m
[0;32mI (161) esp_image: segment 3: paddr=0003f738 vaddr=3fc94064 size=00c7ch (  3196) load[0m
[0;32mI (162) esp_image: segment 4: paddr=000403bc vaddr=40374000 size=0e394h ( 58260) load[0m
[0;32mI (189) boot: Loaded app from partition at offset 0x10000[0m
[0;32mI (189) boot: Disabling RNG early entropy source...[0m
[0;32mI (200) cpu_start: Multicore app[0m
[0;32mI (210) cpu_start: Pro cpu start user code[0m
[0;32mI (210) cpu_start: cpu freq: 160000000 Hz[0m
[0;32mI (210) cpu_start: Application information:[0m
[0;32mI (213) cpu_start: Project name:     atp[0m
[0;32mI (217) cpu_start: App version:      v5.2-dirty[0m
[0;32mI (223) cpu_start: Compile time:     Mar 17 2024 11:50:57[0m
[0;32mI (229) cpu_start: ELF file SHA256:  0f150f77a...[0m
[0;32mI (234) cpu_start: ESP-IDF:          v5.2-dirty[0m
[0;32mI (239) cpu_start: Min chip rev:     v0.0[0m
[0;32mI (244) cpu_start: Max chip rev:     v0.99 [0m
[0;32mI (249) cpu_start: Chip rev:         v0.1[0m
[0;32mI (254) heap_init: Initializing. RAM available for dynamic allocation:[0m
[0;32mI (261) heap_init: At 3FC95600 len 00054110 (336 KiB): RAM[0m
[0;32mI (267) heap_init: At 3FCE9710 len 00005724 (21 KiB): RAM[0m
[0;32mI (273) heap_init: At 3FCF0000 len 00008000 (32 KiB): DRAM[0m
[0;32mI (279) heap_init: At 600FE010 len 00001FD8 (7 KiB): RTCRAM[0m
[0;33mW (286) spi_flash: Octal flash chip is using but dio mode is selected, will automatically swich to Octal mode[0m
[0;32mI (296) spi_flash: detected chip: mxic (opi)[0m
[0;32mI (301) spi_flash: flash io: opi_str[0m
[0;33mW (305) spi_flash: Detected size(32768k) larger than the size in the binary image header(2048k). Using the size in the binary image header.[0m
[0;32mI (319) sleep: Configure to isolate all GPIO pins in sleep state[0m
[0;32mI (325) sleep: Enable automatic switching of GPIO sleep configuration[0m
[0;32mI (333) main_task: Started on CPU0[0m
[0;32mI (343) main_task: Calling app_main()[0m
[0;32mI (343) gpio: GPIO[7]| InputEn: 1| OutputEn: 1| OpenDrain: 1| Pullup: 1| Pulldown: 0| Intr:0 [0m
[0;32mI (353) gpio: GPIO[6]| InputEn: 1| OutputEn: 1| OpenDrain: 1| Pullup: 1| Pulldown: 0| Intr:0 [0m
[0;32mI (373) gpio: GPIO[7]| InputEn: 1| OutputEn: 1| OpenDrain: 1| Pullup: 1| Pulldown: 0| Intr:0 [0m
[0;32mI (373) gpio: GPIO[6]| InputEn: 1| OutputEn: 1| OpenDrain: 1| Pullup: 1| Pulldown: 0| Intr:0 [0m
[0;32mI (383) gpio: GPIO[5]| InputEn: 1| OutputEn: 1| OpenDrain: 1| Pullup: 1| Pulldown: 0| Intr:0 [0m
[0;32mI (383) gpio: GPIO[4]| InputEn: 1| OutputEn: 1| OpenDrain: 1| Pullup: 1| Pulldown: 0| Intr:0 [0m
[0;32mI (413) gpio: GPIO[5]| InputEn: 1| OutputEn: 1| OpenDrain: 1| Pullup: 1| Pulldown: 0| Intr:0 [0m
[0;32mI (413) gpio: GPIO[4]| InputEn: 1| OutputEn: 1| OpenDrain: 1| Pullup: 1| Pulldown: 0| Intr:0 [0m
Relative Humidity : 50.81 RH 
Temperature in Fahrenheit : 77.98 F 
[0;31mE (1723) i2c.common: i2c_acquire_bus_handle(105): acquire bus failed, no free bus[0m
[0;31mE (1723) i2c.master: i2c_new_master_bus(792): I2C bus acquire failed[0m
Guru Meditation Error: Core  0 panic'ed (LoadProhibited). Exception was unhandled.

Core  0 register dump:
PC      : 0x4200c24d  PS      : 0x00060930  A0      : 0x8200aea8  A1      : 0x3fc99190  
A2      : 0x00000000  A3      : 0x3c025b70  A4      : 0x3c025e58  A5      : 0x3fc991d0  
A6      : 0x00000000  A7      : 0x0000000c  A8      : 0x8201f6a8  A9      : 0x3fc99140  
A10     : 0x00000050  A11     : 0x3fc991d0  A12     : 0x3fc991b0  A13     : 0x0000000c  
A14     : 0x3fc99180  A15     : 0x0000000c  SAR     : 0x00000004  EXCCAUSE: 0x0000001c  
EXCVADDR: 0x00000000  LBEG    : 0x400556d5  LEND    : 0x400556e5  LCOUNT  : 0xfffffffb  


Backtrace: 0x4200c24a:0x3fc99190 0x4200aea5:0x3fc991c0 0x4200bb83:0x3fc991f0 0x42008521:0x3fc99240 0x4200869b:0x3fc99290 0x420084d4:0x3fc992b0 0x4201ee5f:0x3fc992d0 0x4037a9e1:0x3fc99300




ELF file SHA256: 0f150f77a

Rebooting...
ï¿½ï¿½ï¿½ESP-ROM:esp32s3-20210327
Build:Mar 27 2021
rst:0xc (RTC_SW_CPU_RST),boot:0x8 (SPI_FAST_FLASH_BOOT)
Saved PC:0x40375860
SPIWP:0xee
Octal Flash Mode Enabled
For OPI Flash, Use Default Flash Boot Mode
mode:SLOW_RD, clock div:1
load:0x3fce3810,len:0x178c
load:0x403c9700,len:0x4
load:0x403c9704,len:0xcbc
load:0x403cc700,len:0x2d98
entry 0x403c9914
[0;32mI (37) boot: ESP-IDF v5.2-dirty 2nd stage bootloader[0m
[0;32mI (38) boot: compile time Mar 17 2024 11:51:15[0m
[0;32mI (38) boot: Multicore bootloader[0m
[0;32mI (41) boot: chip revision: v0.1[0m
[0;32mI (45) boot.esp32s3: Boot SPI Speed : 80MHz[0m
[0;32mI (50) boot.esp32s3: SPI Mode       : SLOW READ[0m
[0;32mI (55) boot.esp32s3: SPI Flash Size : 2MB[0m
[0;32mI (60) boot: Enabling RNG early entropy source...[0m
[0;32mI (65) boot: Partition Table:[0m
[0;32mI (69) boot: ## Label            Usage          Type ST Offset   Length[0m
[0;32mI (76) boot:  0 nvs              WiFi data        01 02 00009000 00006000[0m
[0;32mI (83) boot:  1 phy_init         RF data          01 01 0000f000 00001000[0m
[0;32mI (91) boot:  2 factory          factory app      00 00 00010000 00100000[0m
[0;32mI (98) boot: End of partition table[0m
[0;32mI (103) esp_image: segment 0: paddr=00010020 vaddr=3c020020 size=0e38ch ( 58252) map[0m
[0;32mI (125) esp_image: segment 1: paddr=0001e3b4 vaddr=3fc92400 size=01c64h (  7268) load[0m
[0;32mI (127) esp_image: segment 2: paddr=00020020 vaddr=42000020 size=1f710h (128784) map[0m
[0;32mI (161) esp_image: segment 3: paddr=0003f738 vaddr=3fc94064 size=00c7ch (  3196) load[0m
[0;32mI (162) esp_image: segment 4: paddr=000403bc vaddr=40374000 size=0e394h ( 58260) load[0m
[0;32mI (189) boot: Loaded app from partition at offset 0x10000[0m
[0;32mI (189) boot: Disabling RNG early entropy source...[0m
[0;32mI (200) cpu_start: Multicore app[0m
[0;32mI (210) cpu_start: Pro cpu start user code[0m
[0;32mI (210) cpu_start: cpu freq: 160000000 Hz[0m
[0;32mI (210) cpu_start: Application information:[0m
[0;32mI (213) cpu_start: Project name:     atp[0m
[0;32mI (217) cpu_start: App version:      v5.2-dirty[0m
[0;32mI (223) cpu_start: Compile time:     Mar 17 2024 11:50:57[0m
[0;32mI (229) cpu_start: ELF file SHA256:  0f150f77a...[0m
[0;32mI (234) cpu_start: ESP-IDF:          v5.2-dirty[0m
[0;32mI (239) cpu_start: Min chip rev:     v0.0[0m
[0;32mI (244) cpu_start: Max chip rev:     v0.99 [0m
[0;32mI (249) cpu_start: Chip rev:         v0.1[0m
[0;32mI (254) heap_init: Initializing. RAM available for dynamic allocation:[0m
[0;32mI (261) heap_init: At 3FC95600 len 00054110 (336 KiB): RAM[0m
[0;32mI (267) heap_init: At 3FCE9710 len 00005724 (21 KiB): RAM[0m
[0;32mI (273) heap_init: At 3FCF0000 len 00008000 (32 KiB): DRAM[0m
[0;32mI (279) heap_init: At 600FE010 len 00001FD8 (7 KiB): RTCRAM[0m
[0;33mW (286) spi_flash: Octal flash chip is using but dio mode is selected, will automatically swich to Octal mode[0m
[0;32mI (296) spi_flash: detected chip: mxic (opi)[0m
[0;32mI (301) spi_flash: flash io: opi_str[0m
[0;33mW (305) spi_flash: Detected size(32768k) larger than the size in the binary image header(2048k). Using the size in the binary image header.[0m
[0;32mI (319) sleep: Configure to isolate all GPIO pins in sleep state[0m
[0;32mI (325) sleep: Enable automatic switching of GPIO sleep configuration[0m
[0;32mI (333) main_task: Started on CPU0[0m
[0;32mI (343) main_task: Calling app_main()[0m
[0;32mI (343) gpio: GPIO[7]| InputEn: 1| OutputEn: 1| OpenDrain: 1| Pullup: 1| Pulldown: 0| Intr:0 [0m
[0;32mI (353) gpio: GPIO[6]| InputEn: 1| OutputEn: 1| OpenDrain: 1| Pullup: 1| Pulldown: 0| Intr:0 [0m
[0;32mI (373) gpio: GPIO[7]| InputEn: 1| OutputEn: 1| OpenDrain: 1| Pullup: 1| Pulldown: 0| Intr:0 [0m
[0;32mI (373) gpio: GPIO[6]| InputEn: 1| OutputEn: 1| OpenDrain: 1| Pullup: 1| Pulldown: 0| Intr:0 [0m
[0;32mI (383) gpio: GPIO[5]| InputEn: 1| OutputEn: 1| OpenDrain: 1| Pullup: 1| Pulldown: 0| Intr:0 [0m
[0;32mI (383) gpio: GPIO[4]| InputEn: 1| OutputEn: 1| OpenDrain: 1| Pullup: 1| Pulldown: 0| Intr:0 [0m
[0;32mI (413) gpio: GPIO[5]| InputEn: 1| OutputEn: 1| OpenDrain: 1| Pullup: 1| Pulldown: 0| Intr:0 [0m
[0;32mI (413) gpio: GPIO[4]| InputEn: 1| OutputEn: 1| OpenDrain: 1| Pullup: 1| Pulldown: 0| Intr:0 [0m
Relative Humidity : 50.84 RH 
Temperature in Fahrenheit : 78.01 F 
[0;31mE (1723) i2c.common: i2c_acquire_bus_handle(105): acquire bus failed, no free bus[0m
[0;31mE (1723) i2c.master: i2c_new_master_bus(792): I2C bus acquire failed[0m
Guru Meditation Error: Core  0 panic'ed (LoadProhibited). Exception was unhandled.

Core  0 register dump:
PC      : 0x4200c24d  PS      : 0x00060930  A0      : 0x8200aea8  A1      : 0x3fc99190  
A2      : 0x00000000  A3      : 0x3c025b70  A4      : 0x3c025e58  A5      : 0x3fc991d0  
A6      : 0x00000000  A7      : 0x0000000c  A8      : 0x8201f6a8  A9      : 0x3fc99140  
A10     : 0x00000050  A11     : 0x3fc991d0  A12     : 0x3fc991b0  A13     : 0x0000000c  
A14     : 0x3fc99180  A15     : 0x0000000c  SAR     : 0x00000004  EXCCAUSE: 0x0000001c  
EXCVADDR: 0x00000000  LBEG    : 0x400556d5  LEND    : 0x400556e5  LCOUNT  : 0xfffffffb  


Backtrace: 0x4200c24a:0x3fc99190 0x4200aea5:0x3fc991c0 0x4200bb83:0x3fc991f0 0x42008521:0x3fc99240 0x4200869b:0x3fc99290 0x420084d4:0x3fc992b0 0x4201ee5f:0x3fc992d0 0x4037a9e1:0x3fc99300




ELF file SHA256: 0f150f77a

Rebooting...
ï¿½ï¿½ï¿½ESP-ROM:esp32s3-20210327
Build:Mar 27 2021
rst:0xc (RTC_SW_CPU_RST),boot:0x8 (SPI_FAST_FLASH_BOOT)
Saved PC:0x40375860
SPIWP:0xee
Octal Flash Mode Enabled
For OPI Flash, Use Default Flash Boot Mode
mode:SLOW_RD, clock div:1
load:0x3fce3810,len:0x178c
load:0x403c9700,len:0x4
load:0x403c9704,len:0xcbc
load:0x403cc700,len:0x2d98
entry 0x403c9914
[0;32mI (37) boot: ESP-IDF v5.2-dirty 2nd stage bootloader[0m
[0;32mI (38) boot: compile time Mar 17 2024 11:51:15[0m
[0;32mI (38) boot: Multicore bootloader[0m
[0;32mI (41) boot: chip revision: v0.1[0m
[0;32mI (45) boot.esp32s3: Boot SPI Speed : 80MHz[0m
[0;32mI (50) boot.esp32s3: SPI Mode       : SLOW READ[0m
[0;32mI (55) boot.esp32s3: SPI Flash Size : 2MB[0m
[0;32mI (60) boot: Enabling RNG early entropy source...[0m
[0;32mI (65) boot: Partition Table:[0m
[0;32mI (69) boot: ## Label            Usage          Type ST Offset   Length[0m
[0;32mI (76) boot:  0 nvs              WiFi data        01 02 00009000 00006000[0m
[0;32mI (83) boot:  1 phy_init         RF data          01 01 0000f000 00001000[0m
[0;32mI (91) boot:  2 factory          factory app      00 00 00010000 00100000[0m
[0;32mI (98) boot: End of partition table[0m
[0;32mI (103) esp_image: segment 0: paddr=00010020 vaddr=3c020020 size=0e38ch ( 58252) map[0m
[0;32mI (125) esp_image: segment 1: paddr=0001e3b4 vaddr=3fc92400 size=01c64h (  7268) load[0m
[0;32mI (127) esp_image: segment 2: paddr=00020020 vaddr=42000020 size=1f710h (128784) map[0m
[0;32mI (161) esp_image: segment 3: paddr=0003f738 vaddr=3fc94064 size=00c7ch (  3196) load[0m
[0;32mI (162) esp_image: segment 4: paddr=000403bc vaddr=40374000 size=0e394h ( 58260) load[0m
[0;32mI (189) boot: Loaded app from partition at offset 0x10000[0m
[0;32mI (189) boot: Disabling RNG early entropy source...[0m
[0;32mI (200) cpu_start: Multicore app[0m
[0;32mI (210) cpu_start: Pro cpu start user code[0m
[0;32mI (210) cpu_start: cpu freq: 160000000 Hz[0m
[0;32mI (210) cpu_start: Application information:[0m
[0;32mI (213) cpu_start: Project name:     atp[0m
[0;32mI (217) cpu_start: App version:      v5.2-dirty[0m
[0;32mI (223) cpu_start: Compile time:     Mar 17 2024 11:50:57[0m
[0;32mI (229) cpu_start: ELF file SHA256:  0f150f77a...[0m
[0;32mI (234) cpu_start: ESP-IDF:          v5.2-dirty[0m
[0;32mI (239) cpu_start: Min chip rev:     v0.0[0m
[0;32mI (244) cpu_start: Max chip rev:     v0.99 [0m
[0;32mI (249) cpu_start: Chip rev:         v0.1[0m
[0;32mI (254) heap_init: Initializing. RAM available for dynamic allocation:[0m
[0;32mI (261) heap_init: At 3FC95600 len 00054110 (336 KiB): RAM[0m
[0;32mI (267) heap_init: At 3FCE9710 len 00005724 (21 KiB): RAM[0m
[0;32mI (273) heap_init: At 3FCF0000 len 00008000 (32 KiB): DRAM[0m
[0;32mI (279) heap_init: At 600FE010 len 00001FD8 (7 KiB): RTCRAM[0m
[0;33mW (286) spi_flash: Octal flash chip is using but dio mode is selected, will automatically swich to Octal mode[0m
[0;32mI (296) spi_flash: detected chip: mxic (opi)[0m
[0;32mI (301) spi_flash: flash io: opi_str[0m
[0;33mW (305) spi_flash: Detected size(32768k) larger than the size in the binary image header(2048k). Using the size in the binary image header.[0m
[0;32mI (319) sleep: Configure to isolate all GPIO pins in sleep state[0m
[0;32mI (325) sleep: Enable automatic switching of GPIO sleep configuration[0m
[0;32mI (333) main_task: Started on CPU0[0m
[0;32mI (343) main_task: Calling app_main()[0m
[0;32mI (343) gpio: GPIO[7]| InputEn: 1| OutputEn: 1| OpenDrain: 1| Pullup: 1| Pulldown: 0| Intr:0 [0m
[0;32mI (353) gpio: GPIO[6]| InputEn: 1| OutputEn: 1| OpenDrain: 1| Pullup: 1| Pulldown: 0| Intr:0 [0m
[0;32mI (373) gpio: GPIO[7]| InputEn: 1| OutputEn: 1| OpenDrain: 1| Pullup: 1| Pulldown: 0| Intr:0 [0m
[0;32mI (373) gpio: GPIO[6]| InputEn: 1| OutputEn: 1| OpenDrain: 1| Pullup: 1| Pulldown: 0| Intr:0 [0m
[0;32mI (383) gpio: GPIO[5]| InputEn: 1| OutputEn: 1| OpenDrain: 1| Pullup: 1| Pulldown: 0| Intr:0 [0m
[0;32mI (383) gpio: GPIO[4]| InputEn: 1| OutputEn: 1| OpenDrain: 1| Pullup: 1| Pulldown: 0| Intr:0 [0m
[0;32mI (413) gpio: GPIO[5]| InputEn: 1| OutputEn: 1| OpenDrain: 1| Pullup: 1| Pulldown: 0| Intr:0 [0m
[0;32mI (413) gpio: GPIO[4]| InputEn: 1| OutputEn: 1| OpenDrain: 1| Pullup: 1| Pulldown: 0| Intr:0 [0m
Relative Humidity : 50.79 RH 
Temperature in Fahrenheit : 77.96 F 
