ESP-ROM:esp32s3-20210327
Build:Mar 27 2021
rst:0x1 (POWERON),boot:0x2f (SPI_FAST_FLASH_BOOT)
SPIWP:0xee
Octal Flash Mode Enabled
For OPI Flash, Use Default Flash Boot Mode
mode:SLOW_RD, clock div:1
load:0x3fce3810,len:0x178c
load:0x403c9700,len:0x4
load:0x403c9704,len:0xcbc
load:0x403cc700,len:0x2d98
entry 0x403c9914
[0;32mI (33) boot: ESP-IDF v5.2-dirty 2nd stage bootloader[0m
[0;32mI (33) boot: compile time Mar 17 2024 11:51:15[0m
[0;32mI (33) boot: Multicore bootloader[0m
[0;32mI (37) boot: chip revision: v0.1[0m
[0;32mI (41) boot.esp32s3: Boot SPI Speed : 80MHz[0m
[0;32mI (45) boot.esp32s3: SPI Mode       : SLOW READ[0m
[0;32mI (51) boot.esp32s3: SPI Flash Size : 2MB[0m
[0;32mI (55) boot: Enabling RNG early entropy source...[0m
[0;32mI (61) boot: Partition Table:[0m
[0;32mI (64) boot: ## Label            Usage          Type ST Offset   Length[0m
[0;32mI (72) boot:  0 nvs              WiFi data        01 02 00009000 00006000[0m
[0;32mI (79) boot:  1 phy_init         RF data          01 01 0000f000 00001000[0m
[0;32mI (86) boot:  2 factory          factory app      00 00 00010000 00100000[0m
[0;32mI (94) boot: End of partition table[0m
[0;32mI (98) esp_image: segment 0: paddr=00010020 vaddr=3c030020 size=0f5f8h ( 62968) map[0m
[0;32mI (122) esp_image: segment 1: paddr=0001f620 vaddr=3fc92600 size=009f8h (  2552) load[0m
[0;32mI (123) esp_image: segment 2: paddr=00020020 vaddr=42000020 size=22764h (141156) map[0m
[0;32mI (161) esp_image: segment 3: paddr=0004278c vaddr=3fc92ff8 size=01fc0h (  8128) load[0m
[0;32mI (163) esp_image: segment 4: paddr=00044754 vaddr=40374000 size=0e59ch ( 58780) load[0m
[0;32mI (183) esp_image: segment 5: paddr=00052cf8 vaddr=600fe010 size=00004h (     4) load[0m
[0;32mI (189) boot: Loaded app from partition at offset 0x10000[0m
[0;32mI (189) boot: Disabling RNG early entropy source...[0m
[0;32mI (203) cpu_start: Multicore app[0m
[0;32mI (212) cpu_start: Pro cpu start user code[0m
[0;32mI (212) cpu_start: cpu freq: 160000000 Hz[0m
[0;32mI (212) cpu_start: Application information:[0m
[0;32mI (215) cpu_start: Project name:     atp[0m
[0;32mI (220) cpu_start: App version:      v5.2-dirty[0m
[0;32mI (225) cpu_start: Compile time:     Mar 17 2024 11:50:57[0m
[0;32mI (231) cpu_start: ELF file SHA256:  482979d11...[0m
[0;32mI (237) cpu_start: ESP-IDF:          v5.2-dirty[0m
[0;32mI (242) cpu_start: Min chip rev:     v0.0[0m
[0;32mI (246) cpu_start: Max chip rev:     v0.99 [0m
[0;32mI (251) cpu_start: Chip rev:         v0.1[0m
[0;32mI (256) heap_init: Initializing. RAM available for dynamic allocation:[0m
[0;32mI (263) heap_init: At 3FC95978 len 00053D98 (335 KiB): RAM[0m
[0;32mI (269) heap_init: At 3FCE9710 len 00005724 (21 KiB): RAM[0m
[0;32mI (276) heap_init: At 3FCF0000 len 00008000 (32 KiB): DRAM[0m
[0;32mI (282) heap_init: At 600FE014 len 00001FD4 (7 KiB): RTCRAM[0m
[0;33mW (288) spi_flash: Octal flash chip is using but dio mode is selected, will automatically swich to Octal mode[0m
[0;32mI (299) spi_flash: detected chip: mxic (opi)[0m
[0;32mI (303) spi_flash: flash io: opi_str[0m
[0;33mW (308) spi_flash: Detected size(32768k) larger than the size in the binary image header(2048k). Using the size in the binary image header.[0m
[0;32mI (321) sleep: Configure to isolate all GPIO pins in sleep state[0m
[0;32mI (328) sleep: Enable automatic switching of GPIO sleep configuration[0m
[0;32mI (335) main_task: Started on CPU0[0m
[0;32mI (345) main_task: Calling app_main()[0m
[0;32mI (345) gpio: GPIO[7]| InputEn: 1| OutputEn: 1| OpenDrain: 1| Pullup: 1| Pulldown: 0| Intr:0 [0m
[0;32mI (355) gpio: GPIO[6]| InputEn: 1| OutputEn: 1| OpenDrain: 1| Pullup: 1| Pulldown: 0| Intr:0 [0m
[0;32mI (385) gpio: GPIO[7]| InputEn: 1| OutputEn: 1| OpenDrain: 1| Pullup: 1| Pulldown: 0| Intr:0 [0m
[0;32mI (385) gpio: GPIO[6]| InputEn: 1| OutputEn: 1| OpenDrain: 1| Pullup: 1| Pulldown: 0| Intr:0 [0m
[0;32mI (395) gpio: GPIO[7]| InputEn: 1| OutputEn: 1| OpenDrain: 1| Pullup: 1| Pulldown: 0| Intr:0 [0m
[0;32mI (395) gpio: GPIO[6]| InputEn: 1| OutputEn: 1| OpenDrain: 1| Pullup: 1| Pulldown: 0| Intr:0 [0m
[0;31mE (405) adc_oneshot: adc_oneshot_new_unit(88): adc1 is already in use[0m
ESP_ERROR_CHECK failed: esp_err_t 0x105 (ESP_ERR_NOT_FOUND) at 0x4200888d
file: "/IDF/examples/get-started/myproject/main/moisture.c" line 30
func: ADC_init_moisture
expression: adc_oneshot_new_unit(&init_config1, &adc2_handle)

abort() was called at PC 0x40379f7f on core 0


Backtrace: 0x4037590a:0x3fc99510 0x40379f89:0x3fc99530 0x4038055d:0x3fc99550 0x40379f7f:0x3fc995c0 0x4200888d:0x3fc995f0 0x42008744:0x3fc99630 0x42021eb3:0x3fc99650 0x4037aa79:0x3fc99680




ELF file SHA256: 482979d11

Rebooting...
ESP-ROM:esp32s3-20210327
Build:Mar 27 2021
rst:0xc (RTC_SW_CPU_RST),boot:0x2f (SPI_FAST_FLASH_BOOT)
Saved PC:0x40375880
SPIWP:0xee
Octal Flash Mode Enabled
For OPI Flash, Use Default Flash Boot Mode
mode:SLOW_RD, clock div:1
load:0x3fce3810,len:0x178c
load:0x403c9700,len:0x4
load:0x403c9704,len:0xcbc
load:0x403cc700,len:0x2d98
entry 0x403c9914
[0;32mI (37) boot: ESP-IDF v5.2-dirty 2nd stage bootloader[0m
[0;32mI (38) boot: compile time Mar 17 2024 11:51:15[0m
[0;32mI (38) boot: Multicore bootloader[0m
[0;32mI (41) boot: chip revision: v0.1[0m
[0;32mI (45) boot.esp32s3: Boot SPI Speed : 80MHz[0m
[0;32mI (50) boot.esp32s3: SPI Mode       : SLOW READ[0m
[0;32mI (55) boot.esp32s3: SPI Flash Size : 2MB[0m
[0;32mI (60) boot: Enabling RNG early entropy source...[0m
[0;32mI (65) boot: Partition Table:[0m
[0;32mI (69) boot: ## Label            Usage          Type ST Offset   Length[0m
[0;32mI (76) boot:  0 nvs              WiFi data        01 02 00009000 00006000[0m
[0;32mI (83) boot:  1 phy_init         RF data          01 01 0000f000 00001000[0m
[0;32mI (91) boot:  2 factory          factory app      00 00 00010000 00100000[0m
[0;32mI (98) boot: End of partition table[0m
[0;32mI (103) esp_image: segment 0: paddr=00010020 vaddr=3c030020 size=0f5f8h ( 62968) map[0m
[0;32mI (126) esp_image: segment 1: paddr=0001f620 vaddr=3fc92600 size=009f8h (  2552) load[0m
[0;32mI (127) esp_image: segment 2: paddr=00020020 vaddr=42000020 size=22764h (141156) map[0m
[0;32mI (165) esp_image: segment 3: paddr=0004278c vaddr=3fc92ff8 size=01fc0h (  8128) load[0m
[0;32mI (168) esp_image: segment 4: paddr=00044754 vaddr=40374000 size=0e59ch ( 58780) load[0m
[0;32mI (187) esp_image: segment 5: paddr=00052cf8 vaddr=600fe010 size=00004h (     4) load[0m
[0;32mI (194) boot: Loaded app from partition at offset 0x10000[0m
[0;32mI (194) boot: Disabling RNG early entropy source...[0m
[0;32mI (207) cpu_start: Multicore app[0m
[0;32mI (217) cpu_start: Pro cpu start user code[0m
[0;32mI (217) cpu_start: cpu freq: 160000000 Hz[0m
[0;32mI (217) cpu_start: Application information:[0m
[0;32mI (220) cpu_start: Project name:     atp[0m
[0;32mI (224) cpu_start: App version:      v5.2-dirty[0m
[0;32mI (230) cpu_start: Compile time:     Mar 17 2024 11:50:57[0m
[0;32mI (236) cpu_start: ELF file SHA256:  482979d11...[0m
[0;32mI (241) cpu_start: ESP-IDF:          v5.2-dirty[0m
[0;32mI (246) cpu_start: Min chip rev:     v0.0[0m
[0;32mI (251) cpu_start: Max chip rev:     v0.99 [0m
[0;32mI (256) cpu_start: Chip rev:         v0.1[0m
[0;32mI (261) heap_init: Initializing. RAM available for dynamic allocation:[0m
[0;32mI (268) heap_init: At 3FC95978 len 00053D98 (335 KiB): RAM[0m
[0;32mI (274) heap_init: At 3FCE9710 len 00005724 (21 KiB): RAM[0m
[0;32mI (280) heap_init: At 3FCF0000 len 00008000 (32 KiB): DRAM[0m
[0;32mI (286) heap_init: At 600FE014 len 00001FD4 (7 KiB): RTCRAM[0m
[0;33mW (293) spi_flash: Octal flash chip is using but dio mode is selected, will automatically swich to Octal mode[0m
[0;32mI (303) spi_flash: detected chip: mxic (opi)[0m
[0;32mI (308) spi_flash: flash io: opi_str[0m
[0;33mW (312) spi_flash: Detected size(32768k) larger than the size in the binary image header(2048k). Using the size in the binary image header.[0m
[0;32mI (326) sleep: Configure to isolate all GPIO pins in sleep state[0m
[0;32mI (332) sleep: Enable automatic switching of GPIO sleep configuration[0m
[0;32mI (340) main_task: Started on CPU0[0m
[0;32mI (350) main_task: Calling app_main()[0m
[0;32mI (350) gpio: GPIO[7]| InputEn: 1| OutputEn: 1| OpenDrain: 1| Pullup: 1| Pulldown: 0| Intr:0 [0m
[0;32mI (360) gpio: GPIO[6]| InputEn: 1| OutputEn: 1| OpenDrain: 1| Pullup: 1| Pulldown: 0| Intr:0 [0m
[0;32mI (390) gpio: GPIO[7]| InputEn: 1| OutputEn: 1| OpenDrain: 1| Pullup: 1| Pulldown: 0| Intr:0 [0m
[0;32mI (390) gpio: GPIO[6]| InputEn: 1| OutputEn: 1| OpenDrain: 1| Pullup: 1| Pulldown: 0| Intr:0 [0m
[0;32mI (400) gpio: GPIO[7]| InputEn: 1| OutputEn: 1| OpenDrain: 1| Pullup: 1| Pulldown: 0| Intr:0 [0m
[0;32mI (400) gpio: GPIO[6]| InputEn: 1| OutputEn: 1| OpenDrain: 1| Pullup: 1| Pulldown: 0| Intr:0 [0m
[0;31mE (410) adc_oneshot: adc_oneshot_new_unit(88): adc1 is already in use[0m
ESP_ERROR_CHECK failed: esp_err_t 0x105 (ESP_ERR_NOT_FOUND) at 0x4200888d
file: "/IDF/examples/get-started/myproject/main/moisture.c" line 30
func: ADC_init_moisture
expression: adc_oneshot_new_unit(&init_config1, &adc2_handle)

abort() was called at PC 0x40379f7f on core 0


Backtrace: 0x4037590a:0x3fc99510 0x40379f89:0x3fc99530 0x4038055d:0x3fc99550 0x40379f7f:0x3fc995c0 0x4200888d:0x3fc995f0 0x42008744:0x3fc99630 0x42021eb3:0x3fc99650 0x4037aa79:0x3fc99680




ELF file SHA256: 482979d11

Rebooting...
ï¿½ï¿½ï¿½ESP-ROM:esp32s3-20210327
Build:Mar 27 2021
rst:0xc (RTC_SW_CPU_RST),boot:0x2f (SPI_FAST_FLASH_BOOT)
Saved PC:0x40375880
SPIWP:0xee
Octal Flash Mode Enabled
For OPI Flash, Use Default Flash Boot Mode
mode:SLOW_RD, clock div:1
load:0x3fce3810,len:0x178c
load:0x403c9700,len:0x4
load:0x403c9704,len:0xcbc
load:0x403cc700,len:0x2d98
entry 0x403c9914
[0;32mI (37) boot: ESP-IDF v5.2-dirty 2nd stage bootloader[0m
[0;32mI (38) boot: compile time Mar 17 2024 11:51:15[0m
[0;32mI (38) boot: Multicore bootloader[0m
[0;32mI (41) boot: chip revision: v0.1[0m
[0;32mI (45) boot.esp32s3: Boot SPI Speed : 80MHz[0m
[0;32mI (50) boot.esp32s3: SPI Mode       : SLOW READ[0m
[0;32mI (55) boot.esp32s3: SPI Flash Size : 2MB[0m
[0;32mI (60) boot: Enabling RNG early entropy source...[0m
[0;32mI (65) boot: Partition Table:[0m
[0;32mI (69) boot: ## Label            Usage          Type ST Offset   Length[0m
[0;32mI (76) boot:  0 nvs              WiFi data        01 02 00009000 00006000[0m
[0;32mI (83) boot:  1 phy_init         RF data          01 01 0000f000 00001000[0m
[0;32mI (91) boot:  2 factory          factory app      00 00 00010000 00100000[0m
[0;32mI (98) boot: End of partition table[0m
[0;32mI (103) esp_image: segment 0: paddr=00010020 vaddr=3c030020 size=0f5f8h ( 62968) map[0m
[0;32mI (126) esp_image: segment 1: paddr=0001f620 vaddr=3fc92600 size=009f8h (  2552) load[0m
[0;32mI (127) esp_image: segment 2: paddr=00020020 vaddr=42000020 size=22764h (141156) map[0m
[0;32mI (165) esp_image: segment 3: paddr=0004278c vaddr=3fc92ff8 size=01fc0h (  8128) load[0m
[0;32mI (168) esp_image: segment 4: paddr=00044754 vaddr=40374000 size=0e59ch ( 58780) load[0m
[0;32mI (187) esp_image: segment 5: paddr=00052cf8 vaddr=600fe010 size=00004h (     4) load[0m
[0;32mI (194) boot: Loaded app from partition at offset 0x10000[0m
[0;32mI (194) boot: Disabling RNG early entropy source...[0m
[0;32mI (207) cpu_start: Multicore app[0m
[0;32mI (217) cpu_start: Pro cpu start user code[0m
[0;32mI (217) cpu_start: cpu freq: 160000000 Hz[0m
[0;32mI (217) cpu_start: Application information:[0m
[0;32mI (220) cpu_start: Project name:     atp[0m
[0;32mI (224) cpu_start: App version:      v5.2-dirty[0m
[0;32mI (230) cpu_start: Compile time:     Mar 17 2024 11:50:57[0m
[0;32mI (236) cpu_start: ELF file SHA256:  482979d11...[0m
[0;32mI (241) cpu_start: ESP-IDF:          v5.2-dirty[0m
[0;32mI (246) cpu_start: Min chip rev:     v0.0[0m
[0;32mI (251) cpu_start: Max chip rev:     v0.99 [0m
[0;32mI (256) cpu_start: Chip rev:         v0.1[0m
[0;32mI (261) heap_init: Initializing. RAM available for dynamic allocation:[0m
[0;32mI (268) heap_init: At 3FC95978 len 00053D98 (335 KiB): RAM[0m
[0;32mI (274) heap_init: At 3FCE9710 len 00005724 (21 KiB): RAM[0m
[0;32mI (280) heap_init: At 3FCF0000 len 00008000 (32 KiB): DRAM[0m
[0;32mI (286) heap_init: At 600FE014 len 00001FD4 (7 KiB): RTCRAM[0m
[0;33mW (293) spi_flash: Octal flash chip is using but dio mode is selected, will automatically swich to Octal mode[0m
[0;32mI (303) spi_flash: detected chip: mxic (opi)[0m
[0;32mI (308) spi_flash: flash io: opi_str[0m
[0;33mW (312) spi_flash: Detected size(32768k) larger than the size in the binary image header(2048k). Using the size in the binary image header.[0m
[0;32mI (326) sleep: Configure to isolate all GPIO pins in sleep state[0m
[0;32mI (332) sleep: Enable automatic switching of GPIO sleep configuration[0m
[0;32mI (340) main_task: Started on CPU0[0m
[0;32mI (350) main_task: Calling app_main()[0m
[0;32mI (350) gpio: GPIO[7]| InputEn: 1| OutputEn: 1| OpenDrain: 1| Pullup: 1| Pulldown: 0| Intr:0 [0m
[0;32mI (360) gpio: GPIO[6]| InputEn: 1| OutputEn: 1| OpenDrain: 1| Pullup: 1| Pulldown: 0| Intr:0 [0m
[0;32mI (390) gpio: GPIO[7]| InputEn: 1| OutputEn: 1| OpenDrain: 1| Pullup: 1| Pulldown: 0| Intr:0 [0m
[0;32mI (390) gpio: GPIO[6]| InputEn: 1| OutputEn: 1| OpenDrain: 1| Pullup: 1| Pulldown: 0| Intr:0 [0m
[0;32mI (400) gpio: GPIO[7]| InputEn: 1| OutputEn: 1| OpenDrain: 1| Pullup: 1| Pulldown: 0| Intr:0 [0m
[0;32mI (400) gpio: GPIO[6]| InputEn: 1| OutputEn: 1| OpenDrain: 1| Pullup: 1| Pulldown: 0| Intr:0 [0m
[0;31mE (410) adc_oneshot: adc_oneshot_new_unit(88): adc1 is already in use[0m
ESP_ERROR_CHECK failed: esp_err_t 0x105 (ESP_ERR_NOT_FOUND) at 0x4200888d
file: "/IDF/examples/get-started/myproject/main/moisture.c" line 30
func: ADC_init_moisture
expression: adc_oneshot_new_unit(&init_config1, &adc2_handle)

abort() was called at PC 0x40379f7f on core 0


Backtrace: 0x4037590a:0x3fc99510 0x40379f89:0x3fc99530 0x4038055d:0x3fc99550 0x40379f7f:0x3fc995c0 0x4200888d:0x3fc995f0 0x42008744:0x3fc99630 0x42021eb3:0x3fc99650 0x4037aa79:0x3fc99680




ELF file SHA256: 482979d11

Rebooting...
ï¿½ï¿½ï¿½ESP-ROM:esp32s3-20210327
Build:Mar 27 2021
rst:0xc (RTC_SW_CPU_RST),boot:0x2f (SPI_FAST_FLASH_BOOT)
Saved PC:0x40375880
SPIWP:0xee
Octal Flash Mode Enabled
For OPI Flash, Use Default Flash Boot Mode
mode:SLOW_RD, clock div:1
load:0x3fce3810,len:0x178c
load:0x403c9700,len:0x4
load:0x403c9704,len:0xcbc
load:0x403cc700,len:0x2d98
entry 0x403c9914
[0;32mI (37) boot: ESP-IDF v5.2-dirty 2nd stage bootloader[0m
[0;32mI (38) boot: compile time Mar 17 2024 11:51:15[0m
[0;32mI (38) boot: Multicore bootloader[0m
[0;32mI (41) boot: chip revision: v0.1[0m
[0;32mI (45) boot.esp32s3: Boot SPI Speed : 80MHz[0m
[0;32mI (50) boot.esp32s3: SPI Mode       : SLOW READ[0m
[0;32mI (55) boot.esp32s3: SPI Flash Size : 2MB[0m
[0;32mI (60) boot: Enabling RNG early entropy source...[0m
[0;32mI (65) boot: Partition Table:[0m
[0;32mI (69) boot: ## Label            Usage          Type ST Offset   Length[0m
[0;32mI (76) boot:  0 nvs              WiFi data        01 02 00009000 00006000[0m
[0;32mI (83) boot:  1 phy_init         RF data          01 01 0000f000 00001000[0m
[0;32mI (91) boot:  2 factory          factory app      00 00 00010000 00100000[0m
[0;32mI (98) boot: End of partition table[0m
[0;32mI (103) esp_image: segment 0: paddr=00010020 vaddr=3c030020 size=0f5f8h ( 62968) map[0m
[0;32mI (126) esp_image: segment 1: paddr=0001f620 vaddr=3fc92600 size=009f8h (  2552) load[0m
[0;32mI (127) esp_image: segment 2: paddr=00020020 vaddr=42000020 size=22764h (141156) map[0m
[0;32mI (165) esp_image: segment 3: paddr=0004278c vaddr=3fc92ff8 size=01fc0h (  8128) load[0m
[0;32mI (168) esp_image: segment 4: paddr=00044754 vaddr=40374000 size=0e59ch ( 58780) load[0m
[0;32mI (187) esp_image: segment 5: paddr=00052cf8 vaddr=600fe010 size=00004h (     4) load[0m
[0;32mI (194) boot: Loaded app from partition at offset 0x10000[0m
[0;32mI (194) boot: Disabling RNG early entropy source...[0m
[0;32mI (207) cpu_start: Multicore app[0m
[0;32mI (217) cpu_start: Pro cpu start user code[0m
[0;32mI (217) cpu_start: cpu freq: 160000000 Hz[0m
[0;32mI (217) cpu_start: Application information:[0m
[0;32mI (220) cpu_start: Project name:     atp[0m
[0;32mI (224) cpu_start: App version:      v5.2-dirty[0m
[0;32mI (230) cpu_start: Compile time:     Mar 17 2024 11:50:57[0m
[0;32mI (236) cpu_start: ELF file SHA256:  482979d11...[0m
[0;32mI (241) cpu_start: ESP-IDF:          v5.2-dirty[0m
[0;32mI (246) cpu_start: Min chip rev:     v0.0[0m
[0;32mI (251) cpu_start: Max chip rev:     v0.99 [0m
[0;32mI (256) cpu_start: Chip rev:         v0.1[0m
[0;32mI (261) heap_init: Initializing. RAM available for dynamic allocation:[0m
[0;32mI (268) heap_init: At 3FC95978 len 00053D98 (335 KiB): RAM[0m
[0;32mI (274) heap_init: At 3FCE9710 len 00005724 (21 KiB): RAM[0m
[0;32mI (280) heap_init: At 3FCF0000 len 00008000 (32 KiB): DRAM[0m
[0;32mI (286) heap_init: At 600FE014 len 00001FD4 (7 KiB): RTCRAM[0m
[0;33mW (293) spi_flash: Octal flash chip is using but dio mode is selected, will automatically swich to Octal mode[0m
[0;32mI (303) spi_flash: detected chip: mxic (opi)[0m
[0;32mI (308) spi_flash: flash io: opi_str[0m
[0;33mW (312) spi_flash: Detected size(32768k) larger than the size in the binary image header(2048k). Using the size in the binary image header.[0m
[0;32mI (326) sleep: Configure to isolate all GPIO pins in sleep state[0m
[0;32mI (332) sleep: Enable automatic switching of GPIO sleep configuration[0m
[0;32mI (340) main_task: Started on CPU0[0m
[0;32mI (350) main_task: Calling app_main()[0m
[0;32mI (350) gpio: GPIO[7]| InputEn: 1| OutputEn: 1| OpenDrain: 1| Pullup: 1| Pulldown: 0| Intr:0 [0m
[0;32mI (360) gpio: GPIO[6]| InputEn: 1| OutputEn: 1| OpenDrain: 1| Pullup: 1| Pulldown: 0| Intr:0 [0m
[0;32mI (390) gpio: GPIO[7]| InputEn: 1| OutputEn: 1| OpenDrain: 1| Pullup: 1| Pulldown: 0| Intr:0 [0m
[0;32mI (390) gpio: GPIO[6]| InputEn: 1| OutputEn: 1| OpenDrain: 1| Pullup: 1| Pulldown: 0| Intr:0 [0m
[0;32mI (400) gpio: GPIO[7]| InputEn: 1| OutputEn: 1| OpenDrain: 1| Pullup: 1| Pulldown: 0| Intr:0 [0m
[0;32mI (400) gpio: GPIO[6]| InputEn: 1| OutputEn: 1| OpenDrain: 1| Pullup: 1| Pulldown: 0| Intr:0 [0m
[0;31mE (410) adc_oneshot: adc_oneshot_new_unit(88): adc1 is already in use[0m
ESP_ERROR_CHECK failed: esp_err_t 0x105 (ESP_ERR_NOT_FOUND) at 0x4200888d
file: "/IDF/examples/get-started/myproject/main/moisture.c" line 30
func: ADC_init_moisture
expression: adc_oneshot_new_unit(&init_config1, &adc2_handle)

abort() was called at PC 0x40379f7f on core 0


Backtrace: 0x4037590a:0x3fc99510 0x40379f89:0x3fc99530 0x4038055d:0x3fc99550 0x40379f7f:0x3fc995c0 0x4200888d:0x3fc995f0 0x42008744:0x3fc99630 0x42021eb3:0x3fc99650 0x4037aa79:0x3fc99680




ELF file SHA256: 482979d11

Rebooting...
ï¿½ï¿½ï¿½ESP-ROM:esp32s3-20210327
Build:Mar 27 2021
rst:0xc (RTC_SW_CPU_RST),boot:0x2f (SPI_FAST_FLASH_BOOT)
Saved PC:0x40375880
SPIWP:0xee
Octal Flash Mode Enabled
For OPI Flash, Use Default Flash Boot Mode
mode:SLOW_RD, clock div:1
load:0x3fce3810,len:0x178c
load:0x403c9700,len:0x4
load:0x403c9704,len:0xcbc
load:0x403cc700,len:0x2d98
entry 0x403c9914
[0;32mI (37) boot: ESP-IDF v5.2-dirty 2nd stage bootloader[0m
[0;32mI (38) boot: compile time Mar 17 2024 11:51:15[0m
[0;32mI (38) boot: Multicore bootloader[0m
[0;32mI (41) boot: chip revision: v0.1[0m
[0;32mI (45) boot.esp32s3: Boot SPI Speed : 80MHz[0m
[0;32mI (50) boot.esp32s3: SPI Mode       : SLOW READ[0m
[0;32mI (55) boot.esp32s3: SPI Flash Size : 2MB[0m
[0;32mI (60) boot: Enabling RNG early entropy source...[0m
[0;32mI (65) boot: Partition Table:[0m
[0;32mI (69) boot: ## Label            Usage          Type ST Offset   Length[0m
[0;32mI (76) boot:  0 nvs              WiFi data        01 02 00009000 00006000[0m
[0;32mI (83) boot:  1 phy_init         RF data          01 01 0000f000 00001000[0m
[0;32mI (91) boot:  2 factory          factory app      00 00 00010000 00100000[0m
[0;32mI (98) boot: End of partition table[0m
[0;32mI (103) esp_image: segment 0: paddr=00010020 vaddr=3c030020 size=0f5f8h ( 62968) map[0m
[0;32mI (126) esp_image: segment 1: paddr=0001f620 vaddr=3fc92600 size=009f8h (  2552) load[0m
[0;32mI (127) esp_image: segment 2: paddr=00020020 vaddr=42000020 size=22764h (141156) map[0m
[0;32mI (165) esp_image: segment 3: paddr=0004278c vaddr=3fc92ff8 size=01fc0h (  8128) load[0m
[0;32mI (168) esp_image: segment 4: paddr=00044754 vaddr=40374000 size=0e59ch ( 58780) load[0m
[0;32mI (187) esp_image: segment 5: paddr=00052cf8 vaddr=600fe010 size=00004h (     4) load[0m
[0;32mI (194) boot: Loaded app from partition at offset 0x10000[0m
[0;32mI (194) boot: Disabling RNG early entropy source...[0m
[0;32mI (207) cpu_start: Multicore app[0m
[0;32mI (217) cpu_start: Pro cpu start user code[0m
[0;32mI (217) cpu_start: cpu freq: 160000000 Hz[0m
[0;32mI (217) cpu_start: Application information:[0m
[0;32mI (220) cpu_start: Project name:     atp[0m
[0;32mI (224) cpu_start: App version:      v5.2-dirty[0m
[0;32mI (230) cpu_start: Compile time:     Mar 17 2024 11:50:57[0m
[0;32mI (236) cpu_start: ELF file SHA256:  482979d11...[0m
[0;32mI (241) cpu_start: ESP-IDF:          v5.2-dirty[0m
[0;32mI (246) cpu_start: Min chip rev:     v0.0[0m
[0;32mI (251) cpu_start: Max chip rev:     v0.99 [0m
[0;32mI (256) cpu_start: Chip rev:         v0.1[0m
[0;32mI (261) heap_init: Initializing. RAM available for dynamic allocation:[0m
[0;32mI (268) heap_init: At 3FC95978 len 00053D98 (335 KiB): RAM[0m
[0;32mI (274) heap_init: At 3FCE9710 len 00005724 (21 KiB): RAM[0m
[0;32mI (280) heap_init: At 3FCF0000 len 00008000 (32 KiB): DRAM[0m
[0;32mI (286) heap_init: At 600FE014 len 00001FD4 (7 KiB): RTCRAM[0m
[0;33mW (293) spi_flash: Octal flash chip is using but dio mode is selected, will automatically swich to Octal mode[0m
[0;32mI (303) spi_flash: detected chip: mxic (opi)[0m
[0;32mI (308) spi_flash: flash io: opi_str[0m
[0;33mW (312) spi_flash: Detected size(32768k) larger than the size in the binary image header(2048k). Using the size in the binary image header.[0m
[0;32mI (326) sleep: Configure to isolate all GPIO pins in sleep state[0m
[0;32mI (332) sleep: Enable automatic switching of GPIO sleep configuration[0m
[0;32mI (340) main_task: Started on CPU0[0m
[0;32mI (350) main_task: Calling app_main()[0m
[0;32mI (350) gpio: GPIO[7]| InputEn: 1| OutputEn: 1| OpenDrain: 1| Pullup: 1| Pulldown: 0| Intr:0 [0m
[0;32mI (360) gpio: GPIO[6]| InputEn: 1| OutputEn: 1| OpenDrain: 1| Pullup: 1| Pulldown: 0| Intr:0 [0m
[0;32mI (390) gpio: GPIO[7]| InputEn: 1| OutputEn: 1| OpenDrain: 1| Pullup: 1| Pulldown: 0| Intr:0 [0m
[0;32mI (390) gpio: GPIO[6]| InputEn: 1| OutputEn: 1| OpenDrain: 1| Pullup: 1| Pulldown: 0| Intr:0 [0m
[0;32mI (400) gpio: GPIO[7]| InputEn: 1| OutputEn: 1| OpenDrain: 1| Pullup: 1| Pulldown: 0| Intr:0 [0m
[0;32mI (400) gpio: GPIO[6]| InputEn: 1| OutputEn: 1| OpenDrain: 1| Pullup: 1| Pulldown: 0| Intr:0 [0m
[0;31mE (410) adc_oneshot: adc_oneshot_new_unit(88): adc1 is already in use[0m
ESP_ERROR_CHECK failed: esp_err_t 0x105 (ESP_ERR_NOT_FOUND) at 0x4200888d
file: "/IDF/examples/get-started/myproject/main/moisture.c" line 30
func: ADC_init_moisture
expression: adc_oneshot_new_unit(&init_config1, &adc2_handle)

abort() was called at PC 0x40379f7f on core 0


Backtrace: 0x4037590a:0x3fc99510 0x40379f89:0x3fc99530 0x4038055d:0x3fc99550 0x40379f7f:0x3fc995c0 0x4200888d:0x3fc995f0 0x42008744:0x3fc99630 0x42021eb3:0x3fc99650 0x4037aa79:0x3fc99680




ELF file SHA256: 482979d11

Rebooting...
ï¿½ï¿½ï¿½ESP-ROM:esp32s3-20210327
Build:Mar 27 2021
rst:0xc (RTC_SW_CPU_RST),boot:0x2f (SPI_FAST_FLASH_BOOT)
Saved PC:0x40375880
SPIWP:0xee
Octal Flash Mode Enabled
For OPI Flash, Use Default Flash Boot Mode
mode:SLOW_RD, clock div:1
