ESP-ROM:esp32s3-20210327
Build:Mar 27 2021
rst:0x1 (POWERON),boot:0x8 (SPI_FAST_FLASH_BOOT)
SPIWP:0xee
Octal Flash Mode Enabled
For OPI Flash, Use Default Flash Boot Mode
mode:SLOW_RD, clock div:1
load:0x3fce3810,len:0x178c
load:0x403c9700,len:0x4
load:0x403c9704,len:0xcbc
load:0x403cc700,len:0x2d98
entry 0x403c9914
[0;32mI (33) boot: ESP-IDF v5.2-dirty 2nd stage bootloader[0m
[0;32mI (33) boot: compile time Mar 17 2024 11:51:15[0m
[0;32mI (33) boot: Multicore bootloader[0m
[0;32mI (37) boot: chip revision: v0.1[0m
[0;32mI (40) boot.esp32s3: Boot SPI Speed : 80MHz[0m
[0;32mI (45) boot.esp32s3: SPI Mode       : SLOW READ[0m
[0;32mI (50) boot.esp32s3: SPI Flash Size : 2MB[0m
[0;32mI (55) boot: Enabling RNG early entropy source...[0m
[0;32mI (61) boot: Partition Table:[0m
[0;32mI (64) boot: ## Label            Usage          Type ST Offset   Length[0m
[0;32mI (71) boot:  0 nvs              WiFi data        01 02 00009000 00006000[0m
[0;32mI (79) boot:  1 phy_init         RF data          01 01 0000f000 00001000[0m
[0;32mI (86) boot:  2 factory          factory app      00 00 00010000 00100000[0m
[0;32mI (94) boot: End of partition table[0m
[0;32mI (98) esp_image: segment 0: paddr=00010020 vaddr=3c020020 size=0e0c0h ( 57536) map[0m
[0;32mI (120) esp_image: segment 1: paddr=0001e0e8 vaddr=3fc91d00 size=01f30h (  7984) load[0m
[0;32mI (123) esp_image: segment 2: paddr=00020020 vaddr=42000020 size=1ab18h (109336) map[0m
[0;32mI (152) esp_image: segment 3: paddr=0003ab40 vaddr=3fc93c30 size=00a30h (  2608) load[0m
[0;32mI (153) esp_image: segment 4: paddr=0003b578 vaddr=40374000 size=0dcech ( 56556) load[0m
[0;32mI (173) esp_image: segment 5: paddr=0004926c vaddr=600fe010 size=00004h (     4) load[0m
[0;32mI (179) boot: Loaded app from partition at offset 0x10000[0m
[0;32mI (180) boot: Disabling RNG early entropy source...[0m
[0;32mI (193) cpu_start: Multicore app[0m
[0;32mI (203) cpu_start: Pro cpu start user code[0m
[0;32mI (203) cpu_start: cpu freq: 160000000 Hz[0m
[0;32mI (203) cpu_start: Application information:[0m
[0;32mI (206) cpu_start: Project name:     atp[0m
[0;32mI (210) cpu_start: App version:      v5.2-dirty[0m
[0;32mI (216) cpu_start: Compile time:     Mar 17 2024 11:50:57[0m
[0;32mI (222) cpu_start: ELF file SHA256:  e4d530287...[0m
[0;32mI (227) cpu_start: ESP-IDF:          v5.2-dirty[0m
[0;32mI (232) cpu_start: Min chip rev:     v0.0[0m
[0;32mI (237) cpu_start: Max chip rev:     v0.99 [0m
[0;32mI (242) cpu_start: Chip rev:         v0.1[0m
[0;32mI (247) heap_init: Initializing. RAM available for dynamic allocation:[0m
[0;32mI (254) heap_init: At 3FC95010 len 00054700 (337 KiB): RAM[0m
[0;32mI (260) heap_init: At 3FCE9710 len 00005724 (21 KiB): RAM[0m
[0;32mI (266) heap_init: At 3FCF0000 len 00008000 (32 KiB): DRAM[0m
[0;32mI (272) heap_init: At 600FE014 len 00001FD4 (7 KiB): RTCRAM[0m
[0;33mW (279) spi_flash: Octal flash chip is using but dio mode is selected, will automatically swich to Octal mode[0m
[0;32mI (289) spi_flash: detected chip: mxic (opi)[0m
[0;32mI (294) spi_flash: flash io: opi_str[0m
[0;33mW (298) spi_flash: Detected size(32768k) larger than the size in the binary image header(2048k). Using the size in the binary image header.[0m
[0;32mI (312) sleep: Configure to isolate all GPIO pins in sleep state[0m
[0;32mI (318) sleep: Enable automatic switching of GPIO sleep configuration[0m
[0;32mI (326) main_task: Started on CPU0[0m
[0;32mI (336) main_task: Calling app_main()[0m
[0;31mE (336) adc_oneshot: adc_oneshot_config_channel(141): invalid bitwidth[0m
ESP_ERROR_CHECK failed: esp_err_t 0x102 (ESP_ERR_INVALID_ARG) at 0x42008375
file: "/IDF/examples/get-started/myproject/main/atp.c" line 70
func: app_main
expression: adc_oneshot_config_channel(adc1_handle, EXAMPLE_ADC1_CHAN0, &config)

abort() was called at PC 0x40379af3 on core 0


Backtrace: 0x403758c2:0x3fc98bb0 0x40379afd:0x3fc98bd0 0x4037fcad:0x3fc98bf0 0x40379af3:0x3fc98c60 0x42008375:0x3fc98c90 0x4201a313:0x3fc98ce0 0x4037a361:0x3fc98d10




ELF file SHA256: e4d530287

Rebooting...
ï¿½ï¿½ï¿½ESP-ROM:esp32s3-20210327
Build:Mar 27 2021
rst:0xc (RTC_SW_CPU_RST),boot:0x8 (SPI_FAST_FLASH_BOOT)
Saved PC:0x40375838
SPIWP:0xee
Octal Flash Mode Enabled
For OPI Flash, Use Default Flash Boot Mode
mode:SLOW_RD, clock div:1
load:0x3fce3810,len:0x178c
load:0x403c9700,len:0x4
load:0x403c9704,len:0xcbc
load:0x403cc700,len:0x2d98
entry 0x403c9914
[0;32mI (37) boot: ESP-IDF v5.2-dirty 2nd stage bootloader[0m
[0;32mI (38) boot: compile time Mar 17 2024 11:51:15[0m
[0;32mI (38) boot: Multicore bootloader[0m
[0;32mI (41) boot: chip revision: v0.1[0m
[0;32mI (45) boot.esp32s3: Boot SPI Speed : 80MHz[0m
[0;32mI (50) boot.esp32s3: SPI Mode       : SLOW READ[0m
[0;32mI (55) boot.esp32s3: SPI Flash Size : 2MB[0m
[0;32mI (60) boot: Enabling RNG early entropy source...[0m
[0;32mI (65) boot: Partition Table:[0m
[0;32mI (69) boot: ## Label            Usage          Type ST Offset   Length[0m
[0;32mI (76) boot:  0 nvs              WiFi data        01 02 00009000 00006000[0m
[0;32mI (83) boot:  1 phy_init         RF data          01 01 0000f000 00001000[0m
[0;32mI (91) boot:  2 factory          factory app      00 00 00010000 00100000[0m
[0;32mI (98) boot: End of partition table[0m
[0;32mI (103) esp_image: segment 0: paddr=00010020 vaddr=3c020020 size=0e0c0h ( 57536) map[0m
[0;32mI (125) esp_image: segment 1: paddr=0001e0e8 vaddr=3fc91d00 size=01f30h (  7984) load[0m
[0;32mI (127) esp_image: segment 2: paddr=00020020 vaddr=42000020 size=1ab18h (109336) map[0m
[0;32mI (156) esp_image: segment 3: paddr=0003ab40 vaddr=3fc93c30 size=00a30h (  2608) load[0m
[0;32mI (158) esp_image: segment 4: paddr=0003b578 vaddr=40374000 size=0dcech ( 56556) load[0m
[0;32mI (178) esp_image: segment 5: paddr=0004926c vaddr=600fe010 size=00004h (     4) load[0m
[0;32mI (184) boot: Loaded app from partition at offset 0x10000[0m
[0;32mI (184) boot: Disabling RNG early entropy source...[0m
[0;32mI (198) cpu_start: Multicore app[0m
[0;32mI (207) cpu_start: Pro cpu start user code[0m
[0;32mI (207) cpu_start: cpu freq: 160000000 Hz[0m
[0;32mI (207) cpu_start: Application information:[0m
[0;32mI (210) cpu_start: Project name:     atp[0m
[0;32mI (215) cpu_start: App version:      v5.2-dirty[0m
[0;32mI (220) cpu_start: Compile time:     Mar 17 2024 11:50:57[0m
[0;32mI (226) cpu_start: ELF file SHA256:  e4d530287...[0m
[0;32mI (232) cpu_start: ESP-IDF:          v5.2-dirty[0m
[0;32mI (237) cpu_start: Min chip rev:     v0.0[0m
[0;32mI (241) cpu_start: Max chip rev:     v0.99 [0m
[0;32mI (246) cpu_start: Chip rev:         v0.1[0m
[0;32mI (251) heap_init: Initializing. RAM available for dynamic allocation:[0m
[0;32mI (258) heap_init: At 3FC95010 len 00054700 (337 KiB): RAM[0m
[0;32mI (264) heap_init: At 3FCE9710 len 00005724 (21 KiB): RAM[0m
[0;32mI (270) heap_init: At 3FCF0000 len 00008000 (32 KiB): DRAM[0m
[0;32mI (277) heap_init: At 600FE014 len 00001FD4 (7 KiB): RTCRAM[0m
[0;33mW (283) spi_flash: Octal flash chip is using but dio mode is selected, will automatically swich to Octal mode[0m
[0;32mI (294) spi_flash: detected chip: mxic (opi)[0m
[0;32mI (298) spi_flash: flash io: opi_str[0m
[0;33mW (303) spi_flash: Detected size(32768k) larger than the size in the binary image header(2048k). Using the size in the binary image header.[0m
[0;32mI (316) sleep: Configure to isolate all GPIO pins in sleep state[0m
[0;32mI (323) sleep: Enable automatic switching of GPIO sleep configuration[0m
[0;32mI (330) main_task: Started on CPU0[0m
[0;32mI (340) main_task: Calling app_main()[0m
[0;31mE (340) adc_oneshot: adc_oneshot_config_channel(141): invalid bitwidth[0m
ESP_ERROR_CHECK failed: esp_err_t 0x102 (ESP_ERR_INVALID_ARG) at 0x42008375
file: "/IDF/examples/get-started/myproject/main/atp.c" line 70
func: app_main
expression: adc_oneshot_config_channel(adc1_handle, EXAMPLE_ADC1_CHAN0, &config)

abort() was called at PC 0x40379af3 on core 0


Backtrace: 0x403758c2:0x3fc98bb0 0x40379afd:0x3fc98bd0 0x4037fcad:0x3fc98bf0 0x40379af3:0x3fc98c60 0x42008375:0x3fc98c90 0x4201a313:0x3fc98ce0 0x4037a361:0x3fc98d10




ELF file SHA256: e4d530287

Rebooting...
ESP-ROM:esp32s3-20210327
Build:Mar 27 2021
rst:0xc (RTC_SW_CPU_RST),boot:0x8 (SPI_FAST_FLASH_BOOT)
Saved PC:0x40375838
SPIWP:0xee
Octal Flash Mode Enabled
For OPI Flash, Use Default Flash Boot Mode
mode:SLOW_RD, clock div:1
load:0x3fce3810,len:0x178c
load:0x403c9700,len:0x4
load:0x403c9704,len:0xcbc
load:0x403cc700,len:0x2d98
entry 0x403c9914
[0;32mI (37) boot: ESP-IDF v5.2-dirty 2nd stage bootloader[0m
[0;32mI (38) boot: compile time Mar 17 2024 11:51:15[0m
[0;32mI (38) boot: Multicore bootloader[0m
[0;32mI (41) boot: chip revision: v0.1[0m
[0;32mI (45) boot.esp32s3: Boot SPI Speed : 80MHz[0m
[0;32mI (50) boot.esp32s3: SPI Mode       : SLOW READ[0m
[0;32mI (55) boot.esp32s3: SPI Flash Size : 2MB[0m
[0;32mI (60) boot: Enabling RNG early entropy source...[0m
[0;32mI (65) boot: Partition Table:[0m
[0;32mI (69) boot: ## Label            Usage          Type ST Offset   Length[0m
[0;32mI (76) boot:  0 nvs              WiFi data        01 02 00009000 00006000[0m
[0;32mI (83) boot:  1 phy_init         RF data          01 01 0000f000 00001000[0m
[0;32mI (91) boot:  2 factory          factory app      00 00 00010000 00100000[0m
[0;32mI (98) boot: End of partition table[0m
[0;32mI (103) esp_image: segment 0: paddr=00010020 vaddr=3c020020 size=0e0c0h ( 57536) map[0m
[0;32mI (125) esp_image: segment 1: paddr=0001e0e8 vaddr=3fc91d00 size=01f30h (  7984) load[0m
[0;32mI (127) esp_image: segment 2: paddr=00020020 vaddr=42000020 size=1ab18h (109336) map[0m
[0;32mI (156) esp_image: segment 3: paddr=0003ab40 vaddr=3fc93c30 size=00a30h (  2608) load[0m
[0;32mI (158) esp_image: segment 4: paddr=0003b578 vaddr=40374000 size=0dcech ( 56556) load[0m
[0;32mI (178) esp_image: segment 5: paddr=0004926c vaddr=600fe010 size=00004h (     4) load[0m
[0;32mI (184) boot: Loaded app from partition at offset 0x10000[0m
[0;32mI (184) boot: Disabling RNG early entropy source...[0m
[0;32mI (198) cpu_start: Multicore app[0m
[0;32mI (207) cpu_start: Pro cpu start user code[0m
[0;32mI (207) cpu_start: cpu freq: 160000000 Hz[0m
[0;32mI (207) cpu_start: Application information:[0m
[0;32mI (210) cpu_start: Project name:     atp[0m
[0;32mI (215) cpu_start: App version:      v5.2-dirty[0m
[0;32mI (220) cpu_start: Compile time:     Mar 17 2024 11:50:57[0m
[0;32mI (226) cpu_start: ELF file SHA256:  e4d530287...[0m
[0;32mI (232) cpu_start: ESP-IDF:          v5.2-dirty[0m
[0;32mI (237) cpu_start: Min chip rev:     v0.0[0m
[0;32mI (241) cpu_start: Max chip rev:     v0.99 [0m
[0;32mI (246) cpu_start: Chip rev:         v0.1[0m
[0;32mI (251) heap_init: Initializing. RAM available for dynamic allocation:[0m
[0;32mI (258) heap_init: At 3FC95010 len 00054700 (337 KiB): RAM[0m
[0;32mI (264) heap_init: At 3FCE9710 len 00005724 (21 KiB): RAM[0m
[0;32mI (270) heap_init: At 3FCF0000 len 00008000 (32 KiB): DRAM[0m
[0;32mI (277) heap_init: At 600FE014 len 00001FD4 (7 KiB): RTCRAM[0m
[0;33mW (283) spi_flash: Octal flash chip is using but dio mode is selected, will automatically swich to Octal mode[0m
[0;32mI (294) spi_flash: detected chip: mxic (opi)[0m
[0;32mI (298) spi_flash: flash io: opi_str[0m
[0;33mW (303) spi_flash: Detected size(32768k) larger than the size in the binary image header(2048k). Using the size in the binary image header.[0m
[0;32mI (316) sleep: Configure to isolate all GPIO pins in sleep state[0m
[0;32mI (323) sleep: Enable automatic switching of GPIO sleep configuration[0m
[0;32mI (330) main_task: Started on CPU0[0m
[0;32mI (340) main_task: Calling app_main()[0m
[0;31mE (340) adc_oneshot: adc_oneshot_config_channel(141): invalid bitwidth[0m
ESP_ERROR_CHECK failed: esp_err_t 0x102 (ESP_ERR_INVALID_ARG) at 0x42008375
file: "/IDF/examples/get-started/myproject/main/atp.c" line 70
func: app_main
expression: adc_oneshot_config_channel(adc1_handle, EXAMPLE_ADC1_CHAN0, &config)

abort() was called at PC 0x40379af3 on core 0


Backtrace: 0x403758c2:0x3fc98bb0 0x40379afd:0x3fc98bd0 0x4037fcad:0x3fc98bf0 0x40379af3:0x3fc98c60 0x42008375:0x3fc98c90 0x4201a313:0x3fc98ce0 0x4037a361:0x3fc98d10




ELF file SHA256: e4d530287

Rebooting...
ESP-ROM:esp32s3-20210327
Build:Mar 27 2021
rst:0xc (RTC_SW_CPU_RST),boot:0x8 (SPI_FAST_FLASH_BOOT)
Saved PC:0x40375838
SPIWP:0xee
Octal Flash Mode Enabled
For OPI Flash, Use Default Flash Boot Mode
mode:SLOW_RD, clock div:1
load:0x3fce3810,len:0x178c
load:0x403c9700,len:0x4
load:0x403c9704,len:0xcbc
load:0x403cc700,len:0x2d98
entry 0x403c9914
[0;32mI (37) boot: ESP-IDF v5.2-dirty 2nd stage bootloader[0m
[0;32mI (38) boot: compile time Mar 17 2024 11:51:15[0m
[0;32mI (38) boot: Multicore bootloader[0m
[0;32mI (41) boot: chip revision: v0.1[0m
[0;32mI (45) boot.esp32s3: Boot SPI Speed : 80MHz[0m
[0;32mI (50) boot.esp32s3: SPI Mode       : SLOW READ[0m
[0;32mI (55) boot.esp32s3: SPI Flash Size : 2MB[0m
[0;32mI (60) boot: Enabling RNG early entropy source...[0m
[0;32mI (65) boot: Partition Table:[0m
[0;32mI (69) boot: ## Label            Usage          Type ST Offset   Length[0m
[0;32mI (76) boot:  0 nvs              WiFi data        01 02 00009000 00006000[0m
[0;32mI (83) boot:  1 phy_init         RF data          01 01 0000f000 00001000[0m
[0;32mI (91) boot:  2 factory          factory app      00 00 00010000 00100000[0m
[0;32mI (98) boot: End of partition table[0m
[0;32mI (103) esp_image: segment 0: paddr=00010020 vaddr=3c020020 size=0e0c0h ( 57536) map[0m
[0;32mI (125) esp_image: segment 1: paddr=0001e0e8 vaddr=3fc91d00 size=01f30h (  7984) load[0m
[0;32mI (127) esp_image: segment 2: paddr=00020020 vaddr=42000020 size=1ab18h (109336) map[0m
[0;32mI (156) esp_image: segment 3: paddr=0003ab40 vaddr=3fc93c30 size=00a30h (  2608) load[0m
[0;32mI (158) esp_image: segment 4: paddr=0003b578 vaddr=40374000 size=0dcech ( 56556) load[0m
[0;32mI (178) esp_image: segment 5: paddr=0004926c vaddr=600fe010 size=00004h (     4) load[0m
[0;32mI (184) boot: Loaded app from partition at offset 0x10000[0m
[0;32mI (184) boot: Disabling RNG early entropy source...[0m
[0;32mI (198) cpu_start: Multicore app[0m
[0;32mI (207) cpu_start: Pro cpu start user code[0m
[0;32mI (207) cpu_start: cpu freq: 160000000 Hz[0m
[0;32mI (207) cpu_start: Application information:[0m
[0;32mI (210) cpu_start: Project name:     atp[0m
[0;32mI (215) cpu_start: App version:      v5.2-dirty[0m
[0;32mI (220) cpu_start: Compile time:     Mar 17 2024 11:50:57[0m
[0;32mI (226) cpu_start: ELF file SHA256:  e4d530287...[0m
[0;32mI (232) cpu_start: ESP-IDF:          v5.2-dirty[0m
[0;32mI (237) cpu_start: Min chip rev:     v0.0[0m
[0;32mI (241) cpu_start: Max chip rev:     v0.99 [0m
[0;32mI (246) cpu_start: Chip rev:         v0.1[0m
[0;32mI (251) heap_init: Initializing. RAM available for dynamic allocation:[0m
[0;32mI (258) heap_init: At 3FC95010 len 00054700 (337 KiB): RAM[0m
[0;32mI (264) heap_init: At 3FCE9710 len 00005724 (21 KiB): RAM[0m
[0;32mI (270) heap_init: At 3FCF0000 len 00008000 (32 KiB): DRAM[0m
[0;32mI (277) heap_init: At 600FE014 len 00001FD4 (7 KiB): RTCRAM[0m
[0;33mW (283) spi_flash: Octal flash chip is using but dio mode is selected, will automatically swich to Octal mode[0m
[0;32mI (294) spi_flash: detected chip: mxic (opi)[0m
[0;32mI (298) spi_flash: flash io: opi_str[0m
[0;33mW (303) spi_flash: Detected size(32768k) larger than the size in the binary image header(2048k). Using the size in the binary image header.[0m
[0;32mI (316) sleep: Configure to isolate all GPIO pins in sleep state[0m
[0;32mI (323) sleep: Enable automatic switching of GPIO sleep configuration[0m
[0;32mI (330) main_task: Started on CPU0[0m
[0;32mI (340) main_task: Calling app_main()[0m
[0;31mE (340) adc_oneshot: adc_oneshot_config_channel(141): invalid bitwidth[0m
ESP_ERROR_CHECK failed: esp_err_t 0x102 (ESP_ERR_INVALID_ARG) at 0x42008375
file: "/IDF/examples/get-started/myproject/main/atp.c" line 70
func: app_main
expression: adc_oneshot_config_channel(adc1_handle, EXAMPLE_ADC1_CHAN0, &config)

abort() was called at PC 0x40379af3 on core 0


Backtrace: 0x403758c2:0x3fc98bb0 0x40379afd:0x3fc98bd0 0x4037fcad:0x3fc98bf0 0x40379af3:0x3fc98c60 0x42008375:0x3fc98c90 0x4201a313:0x3fc98ce0 0x4037a361:0x3fc98d10




ELF file SHA256: e4d530287

Rebooting...
ESP-ROM:esp32s3-20210327
Build:Mar 27 2021
rst:0xc (RTC_SW_CPU_RST),boot:0x8 (SPI_FAST_FLASH_BOOT)
Saved PC:0x40375838
SPIWP:0xee
Octal Flash Mode Enabled
For OPI Flash, Use Default Flash Boot Mode
mode:SLOW_RD, clock div:1
load:0x3fce3810,len:0x178c
load:0x403c9700,len:0x4
load:0x403c9704,len:0xcbc
load:0x403cc700,len:0x2d98
entry 0x403c9914
[0;32mI (37) boot: ESP-IDF v5.2-dirty 2nd stage bootloader[0m
[0;32mI (38) boot: compile time Mar 17 2024 11:51:15[0m
[0;32mI (38) boot: Multicore bootloader[0m
[0;32mI (41) boot: chip revision: v0.1[0m
[0;32mI (45) boot.esp32s3: Boot SPI Speed : 80MHz[0m
[0;32mI (50) boot.esp32s3: SPI Mode       : SLOW READ[0m
[0;32mI (55) boot.esp32s3: SPI Flash Size : 2MB[0m
[0;32mI (60) boot: Enabling RNG early entropy source...[0m
[0;32mI (65) boot: Partition Table:[0m
[0;32mI (69) boot: ## Label            Usage          Type ST Offset   Length[0m
[0;32mI (76) boot:  0 nvs              WiFi data        01 02 00009000 00006000[0m
[0;32mI (83) boot:  1 phy_init         RF data          01 01 0000f000 00001000[0m
[0;32mI (91) boot:  2 factory          factory app      00 00 00010000 00100000[0m
[0;32mI (98) boot: End of partition table[0m
[0;32mI (103) esp_image: segment 0: paddr=00010020 vaddr=3c020020 size=0e0c0h ( 57536) map[0m
[0;32mI (125) esp_image: segment 1: paddr=0001e0e8 vaddr=3fc91d00 size=01f30h (  7984) load[0m
[0;32mI (127) esp_image: segment 2: paddr=00020020 vaddr=42000020 size=1ab18h (109336) map[0m
[0;32mI (156) esp_image: segment 3: paddr=0003ab40 vaddr=3fc93c30 size=00a30h (  2608) load[0m
[0;32mI (158) esp_image: segment 4: paddr=0003b578 vaddr=40374000 size=0dcech ( 56556) load[0m
[0;32mI (178) esp_image: segment 5: paddr=0004926c vaddr=600fe010 size=00004h (     4) load[0m
[0;32mI (184) boot: Loaded app from partition at offset 0x10000[0m
[0;32mI (184) boot: Disabling RNG early entropy source...[0m
[0;32mI (198) cpu_start: Multicore app[0m
[0;32mI (207) cpu_start: Pro cpu start user code[0m
[0;32mI (207) cpu_start: cpu freq: 160000000 Hz[0m
[0;32mI (207) cpu_start: Application information:[0m
[0;32mI (210) cpu_start: Project name:     atp[0m
[0;32mI (215) cpu_start: App version:      v5.2-dirty[0m
[0;32mI (220) cpu_start: Compile time:     Mar 17 2024 11:50:57[0m
[0;32mI (226) cpu_start: ELF file SHA256:  e4d530287...[0m
[0;32mI (232) cpu_start: ESP-IDF:          v5.2-dirty[0m
[0;32mI (237) cpu_start: Min chip rev:     v0.0[0m
[0;32mI (241) cpu_start: Max chip rev:     v0.99 [0m
[0;32mI (246) cpu_start: Chip rev:         v0.1[0m
[0;32mI (251) heap_init: Initializing. RAM available for dynamic allocation:[0m
[0;32mI (258) heap_init: At 3FC95010 len 00054700 (337 KiB): RAM[0m
[0;32mI (264) heap_init: At 3FCE9710 len 00005724 (21 KiB): RAM[0m
[0;32mI (270) heap_init: At 3FCF0000 len 00008000 (32 KiB): DRAM[0m
[0;32mI (277) heap_init: At 600FE014 len 00001FD4 (7 KiB): RTCRAM[0m
[0;33mW (283) spi_flash: Octal flash chip is using but dio mode is selected, will automatically swich to Octal mode[0m
[0;32mI (294) spi_flash: detected chip: mxic (opi)[0m
[0;32mI (298) spi_flash: flash io: opi_str[0m
[0;33mW (303) spi_flash: Detected size(32768k) larger than the size in the binary image header(2048k). Using the size in the binary image header.[0m
[0;32mI (316) sleep: Configure to isolate all GPIO pins in sleep state[0m
[0;32mI (323) sleep: Enable automatic switching of GPIO sleep configuration[0m
[0;32mI (330) main_task: Started on CPU0[0m
[0;32mI (340) main_task: Calling app_main()[0m
[0;31mE (340) adc_oneshot: adc_oneshot_config_channel(141): invalid bitwidth[0m
ESP_ERROR_CHECK failed: esp_err_t 0x102 (ESP_ERR_INVALID_ARG) at 0x42008375
file: "/IDF/examples/get-started/myproject/main/atp.c" line 70
func: app_main
expression: adc_oneshot_config_channel(adc1_handle, EXAMPLE_ADC1_CHAN0, &config)

abort() was called at PC 0x40379af3 on core 0


Backtrace: 0x403758c2:0x3fc98bb0 0x40379afd:0x3fc98bd0 0x4037fcad:0x3fc98bf0 0x40379af3:0x3fc98c60 0x42008375:0x3fc98c90 0x4201a313:0x3fc98ce0 0x4037a361:0x3fc98d10




ELF file SHA256: e4d530287

Rebooting...
ESP-ROM:esp32s3-20210327
Build:Mar 27 2021
rst:0xc (RTC_SW_CPU_RST),boot:0x8 (SPI_FAST_FLASH_BOOT)
Saved PC:0x40375838
SPIWP:0xee
Octal Flash Mode Enabled
For OPI Flash, Use Default Flash Boot Mode
mode:SLOW_RD, clock div:1
load:0x3fce3810,len:0x178c
load:0x403c9700,len:0x4
load:0x403c9704,len:0xcbc
load:0x403cc700,len:0x2d98
entry 0x403c9914
[0;32mI (37) boot: ESP-IDF v5.2-dirty 2nd stage bootloader[0m
[0;32mI (38) boot: compile time Mar 17 2024 11:51:15[0m
[0;32mI (38) boot: Multicore bootloader[0m
[0;32mI (41) boot: chip revision: v0.1[0m
[0;32mI (45) boot.esp32s3: Boot SPI Speed : 80MHz[0m
[0;32mI (50) boot.esp32s3: SPI Mode       : SLOW READ[0m
[0;32mI (55) boot.esp32s3: SPI Flash Size : 2MB[0m
[0;32mI (60) boot: Enabling RNG early entropy source...[0m
[0;32mI (65) boot: Partition Table:[0m
[0;32mI (69) boot: ## Label            Usage          Type ST Offset   Length[0m
[0;32mI (76) boot:  0 nvs              WiFi data        01 02 00009000 00006000[0m
[0;32mI (83) boot:  1 phy_init         RF data          01 01 0000f000 00001000[0m
[0;32mI (91) boot:  2 factory          factory app      00 00 00010000 00100000[0m
[0;32mI (98) boot: End of partition table[0m
[0;32mI (103) esp_image: segment 0: paddr=00010020 vaddr=3c020020 size=0e0c0h ( 57536) map[0m
[0;32mI (125) esp_image: segment 1: paddr=0001e0e8 vaddr=3fc91d00 size=01f30h (  7984) load[0m
[0;32mI (127) esp_image: segment 2: paddr=00020020 vaddr=42000020 size=1ab18h (109336) map[0m
[0;32mI (156) esp_image: segment 3: paddr=0003ab40 vaddr=3fc93c30 size=00a30h (  2608) load[0m
[0;32mI (158) esp_image: segment 4: paddr=0003b578 vaddr=40374000 size=0dcech ( 56556) load[0m
[0;32mI (178) esp_image: segment 5: paddr=0004926c vaddr=600fe010 size=00004h (     4) load[0m
[0;32mI (184) boot: Loaded app from partition at offset 0x10000[0m
[0;32mI (184) boot: Disabling RNG early entropy source...[0m
[0;32mI (198) cpu_start: Multicore app[0m
[0;32mI (207) cpu_start: Pro cpu start user code[0m
[0;32mI (207) cpu_start: cpu freq: 160000000 Hz[0m
[0;32mI (207) cpu_start: Application information:[0m
[0;32mI (210) cpu_start: Project name:     atp[0m
[0;32mI (215) cpu_start: App version:      v5.2-dirty[0m
[0;32mI (220) cpu_start: Compile time:     Mar 17 2024 11:50:57[0m
[0;32mI (226) cpu_start: ELF file SHA256:  e4d530287...[0m
[0;32mI (232) cpu_start: ESP-IDF:          v5.2-dirty[0m
[0;32mI (237) cpu_start: Min chip rev:     v0.0[0m
[0;32mI (241) cpu_start: Max chip rev:     v0.99 [0m
[0;32mI (246) cpu_start: Chip rev:         v0.1[0m
[0;32mI (251) heap_init: Initializing. RAM available for dynamic allocation:[0m
[0;32mI (258) heap_init: At 3FC95010 len 00054700 (337 KiB): RAM[0m
[0;32mI (264) heap_init: At 3FCE9710 len 00005724 (21 KiB): RAM[0m
[0;32mI (270) heap_init: At 3FCF0000 len 00008000 (32 KiB): DRAM[0m
[0;32mI (277) heap_init: At 600FE014 len 00001FD4 (7 KiB): RTCRAM[0m
[0;33mW (283) spi_flash: Octal flash chip is using but dio mode is selected, will automatically swich to Octal mode[0m
[0;32mI (294) spi_flash: detected chip: mxic (opi)[0m
[0;32mI (298) spi_flash: flash io: opi_str[0m
[0;33mW (303) spi_flash: Detected size(32768k) larger than the size in the binary image header(2048k). Using the size in the binary image header.[0m
[0;32mI (316) sleep: Configure to isolate all GPIO pins in sleep state[0m
[0;32mI (323) sleep: Enable automatic switching of GPIO sleep configuration[0m
[0;32mI (330) main_task: Started on CPU0[0m
[0;32mI (340) main_task: Calling app_main()[0m
[0;31mE (340) adc_oneshot: adc_oneshot_config_channel(141): invalid bitwidth[0m
ESP_ERROR_CHECK failed: esp_err_t 0x102 (ESP_ERR_INVALID_ARG) at 0x42008375
file: "/IDF/examples/get-started/myproject/main/atp.c" line 70
func: app_main
expression: adc_oneshot_config_channel(adc1_handle, EXAMPLE_ADC1_CHAN0, &config)

abort() was called at PC 0x40379af3 on core 0


Backtrace: 0x403758c2:0x3fc98bb0 0x40379afd:0x3fc98bd0 0x4037fcad:0x3fc98bf0 0x40379af3:0x3fc98c60 0x42008375:0x3fc98c90 0x4201a313:0x3fc98ce0 0x4037a361:0x3fc98d10




ELF file SHA256: e4d530287

Rebooting...
ESP-ROM:esp32s3-20210327
Build:Mar 27 2021
rst:0xc (RTC_SW_CPU_RST),boot:0x8 (SPI_FAST_FLASH_BOOT)
Saved PC:0x40375838
SPIWP:0xee
Octal Flash Mode Enabled
For OPI Flash, Use Default Flash Boot Mode
mode:SLOW_RD, clock div:1
load:0x3fce3810,len:0x178c
load:0x403c9700,len:0x4
load:0x403c9704,len:0xcbc
load:0x403cc700,len:0x2d98
entry 0x403c9914
[0;32mI (37) boot: ESP-IDF v5.2-dirty 2nd stage bootloader[0m
[0;32mI (38) boot: compile time Mar 17 2024 11:51:15[0m
[0;32mI (38) boot: Multicore bootloader[0m
[0;32mI (41) boot: chip revision: v0.1[0m
[0;32mI (45) boot.esp32s3: Boot SPI Speed : 80MHz[0m
[0;32mI (50) boot.esp32s3: SPI Mode       : SLOW READ[0m
[0;32mI (55) boot.esp32s3: SPI Flash Size : 2MB[0m
[0;32mI (60) boot: Enabling RNG early entropy source...[0m
[0;32mI (65) boot: Partition Table:[0m
[0;32mI (69) boot: ## Label            Usage          Type ST Offset   Length[0m
[0;32mI (76) boot:  0 nvs              WiFi data        01 02 00009000 00006000[0m
[0;32mI (83) boot:  1 phy_init         RF data          01 01 0000f000 00001000[0m
[0;32mI (91) boot:  2 factory          factory app      00 00 00010000 00100000[0m
[0;32mI (98) boot: End of partition table[0m
[0;32mI (103) esp_image: segment 0: paddr=00010020 vaddr=3c020020 size=0e0c0h ( 57536) map[0m
[0;32mI (125) esp_image: segment 1: paddr=0001e0e8 vaddr=3fc91d00 size=01f30h (  7984) load[0m
[0;32mI (127) esp_image: segment 2: paddr=00020020 vaddr=42000020 size=1ab18h (109336) map[0m
[0;32mI (156) esp_image: segment 3: paddr=0003ab40 vaddr=3fc93c30 size=00a30h (  2608) load[0m
[0;32mI (158) esp_image: segment 4: paddr=0003b578 vaddr=40374000 size=0dcech ( 56556) load[0m
[0;32mI (178) esp_image: segment 5: paddr=0004926c vaddr=600fe010 size=00004h (     4) load[0m
[0;32mI (184) boot: Loaded app from partition at offset 0x10000[0m
[0;32mI (184) boot: Disabling RNG early entropy source...[0m
[0;32mI (198) cpu_start: Multicore app[0m
[0;32mI (207) cpu_start: Pro cpu start user code[0m
[0;32mI (207) cpu_start: cpu freq: 160000000 Hz[0m
[0;32mI (207) cpu_start: Application information:[0m
[0;32mI (210) cpu_start: Project name:     atp[0m
[0;32mI (215) cpu_start: App version:      v5.2-dirty[0m
[0;32mI (220) cpu_start: Compile time:     Mar 17 2024 11:50:57[0m
[0;32mI (226) cpu_start: ELF file SHA256:  e4d530287...[0m
[0;32mI (232) cpu_start: ESP-IDF:          v5.2-dirty[0m
[0;32mI (237) cpu_start: Min chip rev:     v0.0[0m
[0;32mI (241) cpu_start: Max chip rev:     v0.99 [0m
[0;32mI (246) cpu_start: Chip rev:         v0.1[0m
[0;32mI (251) heap_init: Initializing. RAM available for dynamic allocation:[0m
[0;32mI (258) heap_init: At 3FC95010 len 00054700 (337 KiB): RAM[0m
[0;32mI (264) heap_init: At 3FCE9710 len 00005724 (21 KiB): RAM[0m
[0;32mI (270) heap_init: At 3FCF0000 len 00008000 (32 KiB): DRAM[0m
[0;32mI (277) heap_init: At 600FE014 len 00001FD4 (7 KiB): RTCRAM[0m
[0;33mW (283) spi_flash: Octal flash chip is using but dio mode is selected, will automatically swich to Octal mode[0m
[0;32mI (294) spi_flash: detected chip: mxic (opi)[0m
[0;32mI (298) spi_flash: flash io: opi_str[0m
[0;33mW (303) spi_flash: Detected size(32768k) larger than the size in the binary image header(2048k). Using the size in the binary image header.[0m
[0;32mI (316) sleep: Configure to isolate all GPIO pins in sleep state[0m
[0;32mI (323) sleep: Enable automatic switching of GPIO sleep configuration[0m
[0;32mI (330) main_task: Started on CPU0[0m
[0;32mI (340) main_task: Calling app_main()[0m
[0;31mE (340) adc_oneshot: adc_oneshot_config_channel(141): invalid bitwidth[0m
ESP_ERROR_CHECK failed: esp_err_t 0x102 (ESP_ERR_INVALID_ARG) at 0x42008375
file: "/IDF/examples/get-started/myproject/main/atp.c" line 70
func: app_main
expression: adc_oneshot_config_channel(adc1_handle, EXAMPLE_ADC1_CHAN0, &config)

abort() was called at PC 0x40379af3 on core 0


Backtrace: 0x403758c2:0x3fc98bb0 0x40379afd:0x3fc98bd0 0x4037fcad:0x3fc98bf0 0x40379af3:0x3fc98c60 0x42008375:0x3fc98c90 0x4201a313:0x3fc98ce0 0x4037a361:0x3fc98d10




ELF file SHA256: e4d530287

Rebooting...
ESP-ROM:esp32s3-20210327
Build:Mar 27 2021
rst:0xc (RTC_SW_CPU_RST),boot:0x8 (SPI_FAST_FLASH_BOOT)
Saved PC:0x40375838
SPIWP:0xee
Octal Flash Mode Enabled
For OPI Flash, Use Default Flash Boot Mode
mode:SLOW_RD, clock div:1
load:0x3fce3810,len:0x178c
load:0x403c9700,len:0x4
load:0x403c9704,len:0xcbc
load:0x403cc700,len:0x2d98
entry 0x403c9914
[0;32mI (37) boot: ESP-IDF v5.2-dirty 2nd stage bootloader[0m
[0;32mI (38) boot: compile time Mar 17 2024 11:51:15[0m
[0;32mI (38) boot: Multicore bootloader[0m
[0;32mI (41) boot: chip revision: v0.1[0m
[0;32mI (45) boot.esp32s3: Boot SPI Speed : 80MHz[0m
[0;32mI (50) boot.esp32s3: SPI Mode       : SLOW READ[0m
[0;32mI (55) boot.esp32s3: SPI Flash Size : 2MB[0m
[0;32mI (60) boot: Enabling RNG early entropy source...[0m
[0;32mI (65) boot: Partition Table:[0m
[0;32mI (69) boot: ## Label            Usage          Type ST Offset   Length[0m
[0;32mI (76) boot:  0 nvs              WiFi data        01 02 00009000 00006000[0m
[0;32mI (83) boot:  1 phy_init         RF data          01 01 0000f000 00001000[0m
[0;32mI (91) boot:  2 factory          factory app      00 00 00010000 00100000[0m
[0;32mI (98) boot: End of partition table[0m
[0;32mI (103) esp_image: segment 0: paddr=00010020 vaddr=3c020020 size=0e0c0h ( 57536) map[0m
[0;32mI (125) esp_image: segment 1: paddr=0001e0e8 vaddr=3fc91d00 size=01f30h (  7984) load[0m
[0;32mI (127) esp_image: segment 2: paddr=00020020 vaddr=42000020 size=1ab18h (109336) map[0m
[0;32mI (156) esp_image: segment 3: paddr=0003ab40 vaddr=3fc93c30 size=00a30h (  2608) load[0m
[0;32mI (158) esp_image: segment 4: paddr=0003b578 vaddr=40374000 size=0dcech ( 56556) load[0m
[0;32mI (178) esp_image: segment 5: paddr=0004926c vaddr=600fe010 size=00004h (     4) load[0m
[0;32mI (184) boot: Loaded app from partition at offset 0x10000[0m
[0;32mI (184) boot: Disabling RNG early entropy source...[0m
[0;32mI (198) cpu_start: Multicore app[0m
[0;32mI (207) cpu_start: Pro cpu start user code[0m
[0;32mI (207) cpu_start: cpu freq: 160000000 Hz[0m
[0;32mI (207) cpu_start: Application information:[0m
[0;32mI (210) cpu_start: Project name:     atp[0m
[0;32mI (215) cpu_start: App version:      v5.2-dirty[0m
[0;32mI (220) cpu_start: Compile time:     Mar 17 2024 11:50:57[0m
[0;32mI (226) cpu_start: ELF file SHA256:  e4d530287...[0m
[0;32mI (232) cpu_start: ESP-IDF:          v5.2-dirty[0m
[0;32mI (237) cpu_start: Min chip rev:     v0.0[0m
[0;32mI (241) cpu_start: Max chip rev:     v0.99 [0m
[0;32mI (246) cpu_start: Chip rev:         v0.1[0m
[0;32mI (251) heap_init: Initializing. RAM available for dynamic allocation:[0m
[0;32mI (258) heap_init: At 3FC95010 len 00054700 (337 KiB): RAM[0m
[0;32mI (264) heap_init: At 3FCE9710 len 00005724 (21 KiB): RAM[0m
[0;32mI (270) heap_init: At 3FCF0000 len 00008000 (32 KiB): DRAM[0m
[0;32mI (277) heap_init: At 600FE014 len 00001FD4 (7 KiB): RTCRAM[0m
[0;33mW (283) spi_flash: Octal flash chip is using but dio mode is selected, will automatically swich to Octal mode[0m
[0;32mI (294) spi_flash: detected chip: mxic (opi)[0m
[0;32mI (298) spi_flash: flash io: opi_str[0m
[0;33mW (303) spi_flash: Detected size(32768k) larger than the size in the binary image header(2048k). Using the size in the binary image header.[0m
[0;32mI (316) sleep: Configure to isolate all GPIO pins in sleep state[0m
[0;32mI (323) sleep: Enable automatic switching of GPIO sleep configuration[0m
[0;32mI (330) main_task: Started on CPU0[0m
[0;32mI (340) main_task: Calling app_main()[0m
[0;31mE (340) adc_oneshot: adc_oneshot_config_channel(141): invalid bitwidth[0m
ESP_ERROR_CHECK failed: esp_err_t 0x102 (ESP_ERR_INVALID_ARG) at 0x42008375
file: "/IDF/examples/get-started/myproject/main/atp.c" line 70
func: app_main
expression: adc_oneshot_config_channel(adc1_handle, EXAMPLE_ADC1_CHAN0, &config)

abort() was called at PC 0x40379af3 on core 0


Backtrace: 0x403758c2:0x3fc98bb0 0x40379afd:0x3fc98bd0 0x4037fcad:0x3fc98bf0 0x40379af3:0x3fc98c60 0x42008375:0x3fc98c90 0x4201a313:0x3fc98ce0 0x4037a361:0x3fc98d10




ELF file SHA256: e4d530287

Rebooting...
ESP-ROM:esp32s3-20210327
Build:Mar 27 2021
rst:0xc (RTC_SW_CPU_RST),boot:0x8 (SPI_FAST_FLASH_BOOT)
Saved PC:0x40375838
SPIWP:0xee
Octal Flash Mode Enabled
For OPI Flash, Use Default Flash Boot Mode
mode:SLOW_RD, clock div:1
load:0x3fce3810,len:0x178c
load:0x403c9700,len:0x4
load:0x403c9704,len:0xcbc
load:0x403cc700,len:0x2d98
entry 0x403c9914
[0;32mI (37) boot: ESP-IDF v5.2-dirty 2nd stage bootloader[0m
[0;32mI (38) boot: compile time Mar 17 2024 11:51:15[0m
[0;32mI (38) boot: Multicore bootloader[0m
[0;32mI (41) boot: chip revision: v0.1[0m
[0;32mI (45) boot.esp32s3: Boot SPI Speed : 80MHz[0m
[0;32mI (50) boot.esp32s3: SPI Mode       : SLOW READ[0m
[0;32mI (55) boot.esp32s3: SPI Flash Size : 2MB[0m
[0;32mI (60) boot: Enabling RNG early entropy source...[0m
[0;32mI (65) boot: Partition Table:[0m
[0;32mI (69) boot: ## Label            Usage          Type ST Offset   Length[0m
[0;32mI (76) boot:  0 nvs              WiFi data        01 02 00009000 00006000[0m
[0;32mI (83) boot:  1 phy_init         RF data          01 01 0000f000 00001000[0m
[0;32mI (91) boot:  2 factory          factory app      00 00 00010000 00100000[0m
[0;32mI (98) boot: End of partition table[0m
[0;32mI (103) esp_image: segment 0: paddr=00010020 vaddr=3c020020 size=0e0c0h ( 57536) map[0m
[0;32mI (125) esp_image: segment 1: paddr=0001e0e8 vaddr=3fc91d00 size=01f30h (  7984) load[0m
[0;32mI (127) esp_image: segment 2: paddr=00020020 vaddr=42000020 size=1ab18h (109336) map[0m
[0;32mI (156) esp_image: segment 3: paddr=0003ab40 vaddr=3fc93c30 size=00a30h (  2608) load[0m
[0;32mI (158) esp_image: segment 4: paddr=0003b578 vaddr=40374000 size=0dcech ( 56556) load[0m
[0;32mI (178) esp_image: segment 5: paddr=0004926c vaddr=600fe010 size=00004h (     4) load[0m
[0;32mI (184) boot: Loaded app from partition at offset 0x10000[0m
[0;32mI (184) boot: Disabling RNG early entropy source...[0m
[0;32mI (198) cpu_start: Multicore app[0m
[0;32mI (207) cpu_start: Pro cpu start user code[0m
[0;32mI (207) cpu_start: cpu freq: 160000000 Hz[0m
[0;32mI (207) cpu_start: Application information:[0m
[0;32mI (210) cpu_start: Project name:     atp[0m
[0;32mI (215) cpu_start: App version:      v5.2-dirty[0m
[0;32mI (220) cpu_start: Compile time:     Mar 17 2024 11:50:57[0m
[0;32mI (226) cpu_start: ELF file SHA256:  e4d530287...[0m
[0;32mI (232) cpu_start: ESP-IDF:          v5.2-dirty[0m
[0;32mI (237) cpu_start: Min chip rev:     v0.0[0m
[0;32mI (241) cpu_start: Max chip rev:     v0.99 [0m
[0;32mI (246) cpu_start: Chip rev:         v0.1[0m
[0;32mI (251) heap_init: Initializing. RAM available for dynamic allocation:[0m
[0;32mI (258) heap_init: At 3FC95010 len 00054700 (337 KiB): RAM[0m
[0;32mI (264) heap_init: At 3FCE9710 len 00005724 (21 KiB): RAM[0m
[0;32mI (270) heap_init: At 3FCF0000 len 00008000 (32 KiB): DRAM[0m
[0;32mI (277) heap_init: At 600FE014 len 00001FD4 (7 KiB): RTCRAM[0m
[0;33mW (283) spi_flash: Octal flash chip is using but dio mode is selected, will automatically swich to Octal mode[0m
[0;32mI (294) spi_flash: detected chip: mxic (opi)[0m
[0;32mI (298) spi_flash: flash io: opi_str[0m
[0;33mW (303) spi_flash: Detected size(32768k) larger than the size in the binary image header(2048k). Using the size in the binary image header.[0m
[0;32mI (316) sleep: Configure to isolate all GPIO pins in sleep state[0m
[0;32mI (323) sleep: Enable automatic switching of GPIO sleep configuration[0m
[0;32mI (330) main_task: Started on CPU0[0m
[0;32mI (340) main_task: Calling app_main()[0m
[0;31mE (340) adc_oneshot: adc_oneshot_config_channel(141): invalid bitwidth[0m
ESP_ERROR_CHECK failed: esp_err_t 0x102 (ESP_ERR_INVALID_ARG) at 0x42008375
file: "/IDF/examples/get-started/myproject/main/atp.c" line 70
func: app_main
expression: adc_oneshot_config_channel(adc1_handle, EXAMPLE_ADC1_CHAN0, &config)

abort() was called at PC 0x40379af3 on core 0


Backtrace: 0x403758c2:0x3fc98bb0 0x40379afd:0x3fc98bd0 0x4037fcad:0x3fc98bf0 0x40379af3:0x3fc98c60 0x42008375:0x3fc98c90 0x4201a313:0x3fc98ce0 0x4037a361:0x3fc98d10




ELF file SHA256: e4d530287

Rebooting...
ESP-ROM:esp32s3-20210327
Build:Mar 27 2021
rst:0xc (RTC_SW_CPU_RST),boot:0x8 (SPI_FAST_FLASH_BOOT)
Saved PC:0x40375838
SPIWP:0xee
Octal Flash Mode Enabled
For OPI Flash, Use Default Flash Boot Mode
mode:SLOW_RD, clock div:1
load:0x3fce3810,len:0x178c
load:0x403c9700,len:0x4
load:0x403c9704,len:0xcbc
load:0x403cc700,len:0x2d98
entry 0x403c9914
[0;32mI (37) boot: ESP-IDF v5.2-dirty 2nd stage bootloader[0m
[0;32mI (38) boot: compile time Mar 17 2024 11:51:15[0m
[0;32mI (38) boot: Multicore bootloader[0m
[0;32mI (41) boot: chip revision: v0.1[0m
[0;32mI (45) boot.esp32s3: Boot SPI Speed : 80MHz[0m
[0;32mI (50) boot.esp32s3: SPI Mode       : SLOW READ[0m
[0;32mI (55) boot.esp32s3: SPI Flash Size : 2MB[0m
[0;32mI (60) boot: Enabling RNG early entropy source...[0m
[0;32mI (65) boot: Partition Table:[0m
[0;32mI (69) boot: ## Label            Usage          Type ST Offset   Length[0m
[0;32mI (76) boot:  0 nvs              WiFi data        01 02 00009000 00006000[0m
[0;32mI (83) boot:  1 phy_init         RF data          01 01 0000f000 00001000[0m
[0;32mI (91) boot:  2 factory          factory app      00 00 00010000 00100000[0m
[0;32mI (98) boot: End of partition table[0m
[0;32mI (103) esp_image: segment 0: paddr=00010020 vaddr=3c020020 size=0e0c0h ( 57536) map[0m
[0;32mI (125) esp_image: segment 1: paddr=0001e0e8 vaddr=3fc91d00 size=01f30h (  7984) load[0m
[0;32mI (127) esp_image: segment 2: paddr=00020020 vaddr=42000020 size=1ab18h (109336) map[0m
[0;32mI (156) esp_image: segment 3: paddr=0003ab40 vaddr=3fc93c30 size=00a30h (  2608) load[0m
[0;32mI (158) esp_image: segment 4: paddr=0003b578 vaddr=40374000 size=0dcech ( 56556) load[0m
[0;32mI (178) esp_image: segment 5: paddr=0004926c vaddr=600fe010 size=00004h (     4) load[0m
[0;32mI (184) boot: Loaded app from partition at offset 0x10000[0m
[0;32mI (184) boot: Disabling RNG early entropy source...[0m
[0;32mI (198) cpu_start: Multicore app[0m
[0;32mI (207) cpu_start: Pro cpu start user code[0m
[0;32mI (207) cpu_start: cpu freq: 160000000 Hz[0m
[0;32mI (207) cpu_start: Application information:[0m
[0;32mI (210) cpu_start: Project name:     atp[0m
[0;32mI (215) cpu_start: App version:      v5.2-dirty[0m
[0;32mI (220) cpu_start: Compile time:     Mar 17 2024 11:50:57[0m
[0;32mI (226) cpu_start: ELF file SHA256:  e4d530287...[0m
[0;32mI (232) cpu_start: ESP-IDF:          v5.2-dirty[0m
[0;32mI (237) cpu_start: Min chip rev:     v0.0[0m
[0;32mI (241) cpu_start: Max chip rev:     v0.99 [0m
[0;32mI (246) cpu_start: Chip rev:         v0.1[0m
[0;32mI (251) heap_init: Initializing. RAM available for dynamic allocation:[0m
[0;32mI (258) heap_init: At 3FC95010 len 00054700 (337 KiB): RAM[0m
[0;32mI (264) heap_init: At 3FCE9710 len 00005724 (21 KiB): RAM[0m
[0;32mI (270) heap_init: At 3FCF0000 len 00008000 (32 KiB): DRAM[0m
[0;32mI (277) heap_init: At 600FE014 len 00001FD4 (7 KiB): RTCRAM[0m
[0;33mW (283) spi_flash: Octal flash chip is using but dio mode is selected, will automatically swich to Octal mode[0m
[0;32mI (294) spi_flash: detected chip: mxic (opi)[0m
[0;32mI (298) spi_flash: flash io: opi_str[0m
[0;33mW (303) spi_flash: Detected size(32768k) larger than the size in the binary image header(2048k). Using the size in the binary image header.[0m
[0;32mI (316) sleep: Configure to isolate all GPIO pins in sleep state[0m
[0;32mI (323) sleep: Enable automatic switching of GPIO sleep configuration[0m
[0;32mI (330) main_task: Started on CPU0[0m
[0;32mI (340) main_task: Calling app_main()[0m
[0;31mE (340) adc_oneshot: adc_oneshot_config_channel(141): invalid bitwidth[0m
ESP_ERROR_CHECK failed: esp_err_t 0x102 (ESP_ERR_INVALID_ARG) at 0x42008375
file: "/IDF/examples/get-started/myproject/main/atp.c" line 70
func: app_main
expression: adc_oneshot_config_channel(adc1_handle, EXAMPLE_ADC1_CHAN0, &config)

abort() was called at PC 0x40379af3 on core 0


Backtrace: 0x403758c2:0x3fc98bb0 0x40379afd:0x3fc98bd0 0x4037fcad:0x3fc98bf0 0x40379af3:0x3fc98c60 0x42008375:0x3fc98c90 0x4201a313:0x3fc98ce0 0x4037a361:0x3fc98d10




ELF file SHA256: e4d530287

Rebooting...
ESP-ROM:esp32s3-20210327
Build:Mar 27 2021
rst:0xc (RTC_SW_CPU_RST),boot:0x8 (SPI_FAST_FLASH_BOOT)
Saved PC:0x40375838
SPIWP:0xee
Octal Flash Mode Enabled
For OPI Flash, Use Default Flash Boot Mode
mode:SLOW_RD, clock div:1
load:0x3fce3810,len:0x178c
load:0x403c9700,len:0x4
load:0x403c9704,len:0xcbc
load:0x403cc700,len:0x2d98
entry 0x403c9914
[0;32mI (37) boot: ESP-IDF v5.2-dirty 2nd stage bootloader[0m
[0;32mI (38) boot: compile time Mar 17 2024 11:51:15[0m
[0;32mI (38) boot: Multicore bootloader[0m
[0;32mI (41) boot: chip revision: v0.1[0m
[0;32mI (45) boot.esp32s3: Boot SPI Speed : 80MHz[0m
[0;32mI (50) boot.esp32s3: SPI Mode       : SLOW READ[0m
[0;32mI (55) boot.esp32s3: SPI Flash Size : 2MB[0m
[0;32mI (60) boot: Enabling RNG early entropy source...[0m
[0;32mI (65) boot: Partition Table:[0m
[0;32mI (69) boot: ## Label            Usage          Type ST Offset   Length[0m
[0;32mI (76) boot:  0 nvs              WiFi data        01 02 00009000 00006000[0m
[0;32mI (83) boot:  1 phy_init         RF data          01 01 0000f000 00001000[0m
[0;32mI (91) boot:  2 factory          factory app      00 00 00010000 00100000[0m
[0;32mI (98) boot: End of partition table[0m
[0;32mI (103) esp_image: segment 0: paddr=00010020 vaddr=3c020020 size=0e0c0h ( 57536) map[0m
[0;32mI (125) esp_image: segment 1: paddr=0001e0e8 vaddr=3fc91d00 size=01f30h (  7984) load[0m
[0;32mI (127) esp_image: segment 2: paddr=00020020 vaddr=42000020 size=1ab18h (109336) map[0m
[0;32mI (156) esp_image: segment 3: paddr=0003ab40 vaddr=3fc93c30 size=00a30h (  2608) load[0m
[0;32mI (158) esp_image: segment 4: paddr=0003b578 vaddr=40374000 size=0dcech ( 56556) load[0m
[0;32mI (178) esp_image: segment 5: paddr=0004926c vaddr=600fe010 size=00004h (     4) load[0m
[0;32mI (184) boot: Loaded app from partition at offset 0x10000[0m
[0;32mI (184) boot: Disabling RNG early entropy source...[0m
[0;32mI (198) cpu_start: Multicore app[0m
[0;32mI (207) cpu_start: Pro cpu start user code[0m
[0;32mI (207) cpu_start: cpu freq: 160000000 Hz[0m
[0;32mI (207) cpu_start: Application information:[0m
[0;32mI (210) cpu_start: Project name:     atp[0m
[0;32mI (215) cpu_start: App version:      v5.2-dirty[0m
[0;32mI (220) cpu_start: Compile time:     Mar 17 2024 11:50:57[0m
[0;32mI (226) cpu_start: ELF file SHA256:  e4d530287...[0m
[0;32mI (232) cpu_start: ESP-IDF:          v5.2-dirty[0m
[0;32mI (237) cpu_start: Min chip rev:     v0.0[0m
[0;32mI (241) cpu_start: Max chip rev:     v0.99 [0m
[0;32mI (246) cpu_start: Chip rev:         v0.1[0m
[0;32mI (251) heap_init: Initializing. RAM available for dynamic allocation:[0m
[0;32mI (258) heap_init: At 3FC95010 len 00054700 (337 KiB): RAM[0m
[0;32mI (264) heap_init: At 3FCE9710 len 00005724 (21 KiB): RAM[0m
[0;32mI (270) heap_init: At 3FCF0000 len 00008000 (32 KiB): DRAM[0m
[0;32mI (277) heap_init: At 600FE014 len 00001FD4 (7 KiB): RTCRAM[0m
[0;33mW (283) spi_flash: Octal flash chip is using but dio mode is selected, will automatically swich to Octal mode[0m
[0;32mI (294) spi_flash: detected chip: mxic (opi)[0m
[0;32mI (298) spi_flash: flash io: opi_str[0m
[0;33mW (303) spi_flash: Detected size(32768k) larger than the size in the binary image header(2048k). Using the size in the binary image header.[0m
[0;32mI (316) sleep: Configure to isolate all GPIO pins in sleep state[0m
[0;32mI (323) sleep: Enable automatic switching of GPIO sleep configuration[0m
[0;32mI (330) main_task: Started on CPU0[0m
[0;32mI (340) main_task: Calling app_main()[0m
[0;31mE (340) adc_oneshot: adc_oneshot_config_channel(141): invalid bitwidth[0m
ESP_ERROR_CHECK failed: esp_err_t 0x102 (ESP_ERR_INVALID_ARG) at 0x42008375
file: "/IDF/examples/get-started/myproject/main/atp.c" line 70
func: app_main
expression: adc_oneshot_config_channel(adc1_handle, EXAMPLE_ADC1_CHAN0, &config)

abort() was called at PC 0x40379af3 on core 0


Backtrace: 0x403758c2:0x3fc98bb0 0x40379afd:0x3fc98bd0 0x4037fcad:0x3fc98bf0 0x40379af3:0x3fc98c60 0x42008375:0x3fc98c90 0x4201a313:0x3fc98ce0 0x4037a361:0x3fc98d10




ELF file SHA256: e4d530287

Rebooting...
ESP-ROM:esp32s3-20210327
Build:Mar 27 2021
rst:0xc (RTC_SW_CPU_RST),boot:0x8 (SPI_FAST_FLASH_BOOT)
Saved PC:0x40375838
SPIWP:0xee
Octal Flash Mode Enabled
For OPI Flash, Use Default Flash Boot Mode
mode:SLOW_RD, clock div:1
load:0x3fce3810,len:0x178c
load:0x403c9700,len:0x4
load:0x403c9704,len:0xcbc
load:0x403cc700,len:0x2d98
entry 0x403c9914
[0;32mI (37) boot: ESP-IDF v5.2-dirty 2nd stage bootloader[0m
[0;32mI (38) boot: compile time Mar 17 2024 11:51:15[0m
[0;32mI (38) boot: Multicore bootloader[0m
[0;32mI (41) boot: chip revision: v0.1[0m
[0;32mI (45) boot.esp32s3: Boot SPI Speed : 80MHz[0m
[0;32mI (50) boot.esp32s3: SPI Mode       : SLOW READ[0m
[0;32mI (55) boot.esp32s3: SPI Flash Size : 2MB[0m
[0;32mI (60) boot: Enabling RNG early entropy source...[0m
[0;32mI (65) boot: Partition Table:[0m
[0;32mI (69) boot: ## Label            Usage          Type ST Offset   Length[0m
[0;32mI (76) boot:  0 nvs              WiFi data        01 02 00009000 00006000[0m
[0;32mI (83) boot:  1 phy_init         RF data          01 01 0000f000 00001000[0m
[0;32mI (91) boot:  2 factory          factory app      00 00 00010000 00100000[0m
[0;32mI (98) boot: End of partition table[0m
[0;32mI (103) esp_image: segment 0: paddr=00010020 vaddr=3c020020 size=0e0c0h ( 57536) map[0m
[0;32mI (125) esp_image: segment 1: paddr=0001e0e8 vaddr=3fc91d00 size=01f30h (  7984) load[0m
[0;32mI (127) esp_image: segment 2: paddr=00020020 vaddr=42000020 size=1ab18h (109336) map[0m
[0;32mI (156) esp_image: segment 3: paddr=0003ab40 vaddr=3fc93c30 size=00a30h (  2608) load[0m
[0;32mI (158) esp_image: segment 4: paddr=0003b578 vaddr=40374000 size=0dcech ( 56556) load[0m
[0;32mI (178) esp_image: segment 5: paddr=0004926c vaddr=600fe010 size=00004h (     4) load[0m
[0;32mI (184) boot: Loaded app from partition at offset 0x10000[0m
[0;32mI (184) boot: Disabling RNG early entropy source...[0m
[0;32mI (198) cpu_start: Multicore app[0m
[0;32mI (207) cpu_start: Pro cpu start user code[0m
[0;32mI (207) cpu_start: cpu freq: 160000000 Hz[0m
[0;32mI (207) cpu_start: Application information:[0m
[0;32mI (210) cpu_start: Project name:     atp[0m
[0;32mI (215) cpu_start: App version:      v5.2-dirty[0m
[0;32mI (220) cpu_start: Compile time:     Mar 17 2024 11:50:57[0m
[0;32mI (226) cpu_start: ELF file SHA256:  e4d530287...[0m
[0;32mI (232) cpu_start: ESP-IDF:          v5.2-dirty[0m
[0;32mI (237) cpu_start: Min chip rev:     v0.0[0m
[0;32mI (241) cpu_start: Max chip rev:     v0.99 [0m
[0;32mI (246) cpu_start: Chip rev:         v0.1[0m
[0;32mI (251) heap_init: Initializing. RAM available for dynamic allocation:[0m
[0;32mI (258) heap_init: At 3FC95010 len 00054700 (337 KiB): RAM[0m
[0;32mI (264) heap_init: At 3FCE9710 len 00005724 (21 KiB): RAM[0m
[0;32mI (270) heap_init: At 3FCF0000 len 00008000 (32 KiB): DRAM[0m
[0;32mI (277) heap_init: At 600FE014 len 00001FD4 (7 KiB): RTCRAM[0m
[0;33mW (283) spi_flash: Octal flash chip is using but dio mode is selected, will automatically swich to Octal mode[0m
[0;32mI (294) spi_flash: detected chip: mxic (opi)[0m
[0;32mI (298) spi_flash: flash io: opi_str[0m
[0;33mW (303) spi_flash: Detected size(32768k) larger than the size in the binary image header(2048k). Using the size in the binary image header.[0m
[0;32mI (316) sleep: Configure to isolate all GPIO pins in sleep state[0m
[0;32mI (323) sleep: Enable automatic switching of GPIO sleep configuration[0m
[0;32mI (330) main_task: Started on CPU0[0m
[0;32mI (340) main_task: Calling app_main()[0m
[0;31mE (340) adc_oneshot: adc_oneshot_config_channel(141): invalid bitwidth[0m
ESP_ERROR_CHECK failed: esp_err_t 0x102 (ESP_ERR_INVALID_ARG) at 0x42008375
file: "/IDF/examples/get-started/myproject/main/atp.c" line 70
func: app_main
expression: adc_oneshot_config_channel(adc1_handle, EXAMPLE_ADC1_CHAN0, &config)

abort() was called at PC 0x40379af3 on core 0


Backtrace: 0x403758c2:0x3fc98bb0 0x40379afd:0x3fc98bd0 0x4037fcad:0x3fc98bf0 0x40379af3:0x3fc98c60 0x42008375:0x3fc98c90 0x4201a313:0x3fc98ce0 0x4037a361:0x3fc98d10




ELF file SHA256: e4d530287

Rebooting...
ESP-ROM:esp32s3-20210327
Build:Mar 27 2021
rst:0xc (RTC_SW_CPU_RST),boot:0x8 (SPI_FAST_FLASH_BOOT)
Saved PC:0x40375838
SPIWP:0xee
Octal Flash Mode Enabled
For OPI Flash, Use Default Flash Boot Mode
mode:SLOW_RD, clock div:1
load:0x3fce3810,len:0x178c
load:0x403c9700,len:0x4
load:0x403c9704,len:0xcbc
load:0x403cc700,len:0x2d98
entry 0x403c9914
[0;32mI (37) boot: ESP-IDF v5.2-dirty 2nd stage bootloader[0m
[0;32mI (38) boot: compile time Mar 17 2024 11:51:15[0m
[0;32mI (38) boot: Multicore bootloader[0m
[0;32mI (41) boot: chip revision: v0.1[0m
[0;32mI (45) boot.esp32s3: Boot SPI Speed : 80MHz[0m
[0;32mI (50) boot.esp32s3: SPI Mode       : SLOW READ[0m
[0;32mI (55) boot.esp32s3: SPI Flash Size : 2MB[0m
[0;32mI (60) boot: Enabling RNG early entropy source...[0m
[0;32mI (65) boot: Partition Table:[0m
[0;32mI (69) boot: ## Label            Usage          Type ST Offset   Length[0m
[0;32mI (76) boot:  0 nvs              WiFi data        01 02 00009000 00006000[0m
[0;32mI (83) boot:  1 phy_init         RF data          01 01 0000f000 00001000[0m
[0;32mI (91) boot:  2 factory          factory app      00 00 00010000 00100000[0m
[0;32mI (98) boot: End of partition table[0m
[0;32mI (103) esp_image: segment 0: paddr=00010020 vaddr=3c020020 size=0e0c0h ( 57536) map[0m
[0;32mI (125) esp_image: segment 1: paddr=0001e0e8 vaddr=3fc91d00 size=01f30h (  7984) load[0m
[0;32mI (127) esp_image: segment 2: paddr=00020020 vaddr=42000020 size=1ab18h (109336) map[0m
[0;32mI (156) esp_image: segment 3: paddr=0003ab40 vaddr=3fc93c30 size=00a30h (  2608) load[0m
[0;32mI (158) esp_image: segment 4: paddr=0003b578 vaddr=40374000 size=0dcech ( 56556) load[0m
[0;32mI (178) esp_image: segment 5: paddr=0004926c vaddr=600fe010 size=00004h (     4) load[0m
[0;32mI (184) boot: Loaded app from partition at offset 0x10000[0m
[0;32mI (184) boot: Disabling RNG early entropy source...[0m
[0;32mI (198) cpu_start: Multicore app[0m
[0;32mI (207) cpu_start: Pro cpu start user code[0m
[0;32mI (207) cpu_start: cpu freq: 160000000 Hz[0m
[0;32mI (207) cpu_start: Application information:[0m
[0;32mI (210) cpu_start: Project name:     atp[0m
[0;32mI (215) cpu_start: App version:      v5.2-dirty[0m
[0;32mI (220) cpu_start: Compile time:     Mar 17 2024 11:50:57[0m
[0;32mI (226) cpu_start: ELF file SHA256:  e4d530287...[0m
[0;32mI (232) cpu_start: ESP-IDF:          v5.2-dirty[0m
[0;32mI (237) cpu_start: Min chip rev:     v0.0[0m
[0;32mI (241) cpu_start: Max chip rev:     v0.99 [0m
[0;32mI (246) cpu_start: Chip rev:         v0.1[0m
[0;32mI (251) heap_init: Initializing. RAM available for dynamic allocation:[0m
[0;32mI (258) heap_init: At 3FC95010 len 00054700 (337 KiB): RAM[0m
[0;32mI (264) heap_init: At 3FCE9710 len 00005724 (21 KiB): RAM[0m
[0;32mI (270) heap_init: At 3FCF0000 len 00008000 (32 KiB): DRAM[0m
[0;32mI (277) heap_init: At 600FE014 len 00001FD4 (7 KiB): RTCRAM[0m
[0;33mW (283) spi_flash: Octal flash chip is using but dio mode is selected, will automatically swich to Octal mode[0m
[0;32mI (294) spi_flash: detected chip: mxic (opi)[0m
[0;32mI (298) spi_flash: flash io: opi_str[0m
[0;33mW (303) spi_flash: Detected size(32768k) larger than the size in the binary image header(2048k). Using the size in the binary image header.[0m
[0;32mI (316) sleep: Configure to isolate all GPIO pins in sleep state[0m
[0;32mI (323) sleep: Enable automatic switching of GPIO sleep configuration[0m
[0;32mI (330) main_task: Started on CPU0[0m
[0;32mI (340) main_task: Calling app_main()[0m
[0;31mE (340) adc_oneshot: adc_oneshot_config_channel(141): invalid bitwidth[0m
ESP_ERROR_CHECK failed: esp_err_t 0x102 (ESP_ERR_INVALID_ARG) at 0x42008375
file: "/IDF/examples/get-started/myproject/main/atp.c" line 70
func: app_main
expression: adc_oneshot_config_channel(adc1_handle, EXAMPLE_ADC1_CHAN0, &config)

abort() was called at PC 0x40379af3 on core 0


Backtrace: 0x403758c2:0x3fc98bb0 0x40379afd:0x3fc98bd0 0x4037fcad:0x3fc98bf0 0x40379af3:0x3fc98c60 0x42008375:0x3fc98c90 0x4201a313:0x3fc98ce0 0x4037a361:0x3fc98d10




ELF file SHA256: e4d530287

Rebooting...
ESP-ROM:esp32s3-20210327
Build:Mar 27 2021
rst:0xc (RTC_SW_CPU_RST),boot:0x8 (SPI_FAST_FLASH_BOOT)
Saved PC:0x40375838
SPIWP:0xee
Octal Flash Mode Enabled
For OPI Flash, Use Default Flash Boot Mode
mode:SLOW_RD, clock div:1
load:0x3fce3810,len:0x178c
load:0x403c9700,len:0x4
load:0x403c9704,len:0xcbc
load:0x403cc700,len:0x2d98
entry 0x403c9914
[0;32mI (37) boot: ESP-IDF v5.2-dirty 2nd stage bootloader[0m
[0;32mI (38) boot: compile time Mar 17 2024 11:51:15[0m
[0;32mI (38) boot: Multicore bootloader[0m
[0;32mI (41) boot: chip revision: v0.1[0m
[0;32mI (45) boot.esp32s3: Boot SPI Speed : 80MHz[0m
[0;32mI (50) boot.esp32s3: SPI Mode       : SLOW READ[0m
[0;32mI (55) boot.esp32s3: SPI Flash Size : 2MB[0m
[0;32mI (60) boot: Enabling RNG early entropy source...[0m
[0;32mI (65) boot: Partition Table:[0m
[0;32mI (69) boot: ## Label            Usage          Type ST Offset   Length[0m
[0;32mI (76) boot:  0 nvs              WiFi data        01 02 00009000 00006000[0m
[0;32mI (83) boot:  1 phy_init         RF data          01 01 0000f000 00001000[0m
[0;32mI (91) boot:  2 factory          factory app      00 00 00010000 00100000[0m
[0;32mI (98) boot: End of partition table[0m
[0;32mI (103) esp_image: segment 0: paddr=00010020 vaddr=3c020020 size=0e0c0h ( 57536) map[0m
[0;32mI (125) esp_image: segment 1: paddr=0001e0e8 vaddr=3fc91d00 size=01f30h (  7984) load[0m
[0;32mI (127) esp_image: segment 2: paddr=00020020 vaddr=42000020 size=1ab18h (109336) map[0m
[0;32mI (156) esp_image: segment 3: paddr=0003ab40 vaddr=3fc93c30 size=00a30h (  2608) load[0m
[0;32mI (158) esp_image: segment 4: paddr=0003b578 vaddr=40374000 size=0dcech ( 56556) load[0m
[0;32mI (178) esp_image: segment 5: paddr=0004926c vaddr=600fe010 size=00004h (     4) load[0m
[0;32mI (184) boot: Loaded app from partition at offset 0x10000[0m
[0;32mI (184) boot: Disabling RNG early entropy source...[0m
[0;32mI (198) cpu_start: Multicore app[0m
[0;32mI (207) cpu_start: Pro cpu start user code[0m
[0;32mI (207) cpu_start: cpu freq: 160000000 Hz[0m
[0;32mI (207) cpu_start: Application information:[0m
[0;32mI (210) cpu_start: Project name:     atp[0m
[0;32mI (215) cpu_start: App version:      v5.2-dirty[0m
[0;32mI (220) cpu_start: Compile time:     Mar 17 2024 11:50:57[0m
[0;32mI (226) cpu_start: ELF file SHA256:  e4d530287...[0m
[0;32mI (232) cpu_start: ESP-IDF:          v5.2-dirty[0m
[0;32mI (237) cpu_start: Min chip rev:     v0.0[0m
[0;32mI (241) cpu_start: Max chip rev:     v0.99 [0m
[0;32mI (246) cpu_start: Chip rev:         v0.1[0m
[0;32mI (251) heap_init: Initializing. RAM available for dynamic allocation:[0m
[0;32mI (258) heap_init: At 3FC95010 len 00054700 (337 KiB): RAM[0m
[0;32mI (264) heap_init: At 3FCE9710 len 00005724 (21 KiB): RAM[0m
[0;32mI (270) heap_init: At 3FCF0000 len 00008000 (32 KiB): DRAM[0m
[0;32mI (277) heap_init: At 600FE014 len 00001FD4 (7 KiB): RTCRAM[0m
[0;33mW (283) spi_flash: Octal flash chip is using but dio mode is selected, will automatically swich to Octal mode[0m
[0;32mI (294) spi_flash: detected chip: mxic (opi)[0m
[0;32mI (298) spi_flash: flash io: opi_str[0m
[0;33mW (303) spi_flash: Detected size(32768k) larger than the size in the binary image header(2048k). Using the size in the binary image header.[0m
[0;32mI (316) sleep: Configure to isolate all GPIO pins in sleep state[0m
[0;32mI (323) sleep: Enable automatic switching of GPIO sleep configuration[0m
[0;32mI (330) main_task: Started on CPU0[0m
[0;32mI (340) main_task: Calling app_main()[0m
[0;31mE (340) adc_oneshot: adc_oneshot_config_channel(141): invalid bitwidth[0m
ESP_ERROR_CHECK failed: esp_err_t 0x102 (ESP_ERR_INVALID_ARG) at 0x42008375
file: "/IDF/examples/get-started/myproject/main/atp.c" line 70
func: app_main
expression: adc_oneshot_config_channel(adc1_handle, EXAMPLE_ADC1_CHAN0, &config)

abort() was called at PC 0x40379af3 on core 0


Backtrace: 0x403758c2:0x3fc98bb0 0x40379afd:0x3fc98bd0 0x4037fcad:0x3fc98bf0 0x40379af3:0x3fc98c60 0x42008375:0x3fc98c90 0x4201a313:0x3fc98ce0 0x4037a361:0x3fc98d10




ELF file SHA256: e4d530287

Rebooting...
ESP-ROM:esp32s3-20210327
Build:Mar 27 2021
rst:0xc (RTC_SW_CPU_RST),boot:0x8 (SPI_FAST_FLASH_BOOT)
Saved PC:0x40375838
SPIWP:0xee
Octal Flash Mode Enabled
For OPI Flash, Use Default Flash Boot Mode
mode:SLOW_RD, clock div:1
load:0x3fce3810,len:0x178c
load:0x403c9700,len:0x4
load:0x403c9704,len:0xcbc
load:0x403cc700,len:0x2d98
entry 0x403c9914
[0;32mI (37) boot: ESP-IDF v5.2-dirty 2nd stage bootloader[0m
[0;32mI (38) boot: compile time Mar 17 2024 11:51:15[0m
[0;32mI (38) boot: Multicore bootloader[0m
[0;32mI (41) boot: chip revision: v0.1[0m
[0;32mI (45) boot.esp32s3: Boot SPI Speed : 80MHz[0m
[0;32mI (50) boot.esp32s3: SPI Mode       : SLOW READ[0m
[0;32mI (55) boot.esp32s3: SPI Flash Size : 2MB[0m
[0;32mI (60) boot: Enabling RNG early entropy source...[0m
[0;32mI (65) boot: Partition Table:[0m
[0;32mI (69) boot: ## Label            Usage          Type ST Offset   Length[0m
[0;32mI (76) boot:  0 nvs              WiFi data        01 02 00009000 00006000[0m
[0;32mI (83) boot:  1 phy_init         RF data          01 01 0000f000 00001000[0m
[0;32mI (91) boot:  2 factory          factory app      00 00 00010000 00100000[0m
[0;32mI (98) boot: End of partition table[0m
[0;32mI (103) esp_image: segment 0: paddr=00010020 vaddr=3c020020 size=0e0c0h ( 57536) map[0m
[0;32mI (125) esp_image: segment 1: paddr=0001e0e8 vaddr=3fc91d00 size=01f30h (  7984) load[0m
[0;32mI (127) esp_image: segment 2: paddr=00020020 vaddr=42000020 size=1ab18h (109336) map[0m
[0;32mI (156) esp_image: segment 3: paddr=0003ab40 vaddr=3fc93c30 size=00a30h (  2608) load[0m
[0;32mI (158) esp_image: segment 4: paddr=0003b578 vaddr=40374000 size=0dcech ( 56556) load[0m
[0;32mI (178) esp_image: segment 5: paddr=0004926c vaddr=600fe010 size=00004h (     4) load[0m
[0;32mI (184) boot: Loaded app from partition at offset 0x10000[0m
[0;32mI (184) boot: Disabling RNG early entropy source...[0m
[0;32mI (198) cpu_start: Multicore app[0m
[0;32mI (207) cpu_start: Pro cpu start user code[0m
[0;32mI (207) cpu_start: cpu freq: 160000000 Hz[0m
[0;32mI (207) cpu_start: Application information:[0m
[0;32mI (210) cpu_start: Project name:     atp[0m
[0;32mI (215) cpu_start: App version:      v5.2-dirty[0m
[0;32mI (220) cpu_start: Compile time:     Mar 17 2024 11:50:57[0m
[0;32mI (226) cpu_start: ELF file SHA256:  e4d530287...[0m
[0;32mI (232) cpu_start: ESP-IDF:          v5.2-dirty[0m
[0;32mI (237) cpu_start: Min chip rev:     v0.0[0m
[0;32mI (241) cpu_start: Max chip rev:     v0.99 [0m
[0;32mI (246) cpu_start: Chip rev:         v0.1[0m
[0;32mI (251) heap_init: Initializing. RAM available for dynamic allocation:[0m
[0;32mI (258) heap_init: At 3FC95010 len 00054700 (337 KiB): RAM[0m
[0;32mI (264) heap_init: At 3FCE9710 len 00005724 (21 KiB): RAM[0m
[0;32mI (270) heap_init: At 3FCF0000 len 00008000 (32 KiB): DRAM[0m
[0;32mI (277) heap_init: At 600FE014 len 00001FD4 (7 KiB): RTCRAM[0m
[0;33mW (283) spi_flash: Octal flash chip is using but dio mode is selected, will automatically swich to Octal mode[0m
[0;32mI (294) spi_flash: detected chip: mxic (opi)[0m
[0;32mI (298) spi_flash: flash io: opi_str[0m
[0;33mW (303) spi_flash: Detected size(32768k) larger than the size in the binary image header(2048k). Using the size in the binary image header.[0m
[0;32mI (316) sleep: Configure to isolate all GPIO pins in sleep state[0m
[0;32mI (323) sleep: Enable automatic switching of GPIO sleep configuration[0m
[0;32mI (330) main_task: Started on CPU0[0m
[0;32mI (340) main_task: Calling app_main()[0m
[0;31mE (340) adc_oneshot: adc_oneshot_config_channel(141): invalid bitwidth[0m
ESP_ERROR_CHECK failed: esp_err_t 0x102 (ESP_ERR_INVALID_ARG) at 0x42008375
file: "/IDF/examples/get-started/myproject/main/atp.c" line 70
func: app_main
expression: adc_oneshot_config_channel(adc1_handle, EXAMPLE_ADC1_CHAN0, &config)

abort() was called at PC 0x40379af3 on core 0


Backtrace: 0x403758c2:0x3fc98bb0 0x40379afd:0x3fc98bd0 0x4037fcad:0x3fc98bf0 0x40379af3:0x3fc98c60 0x42008375:0x3fc98c90 0x4201a313:0x3fc98ce0 0x4037a361:0x3fc98d10




ELF file SHA256: e4d530287

Rebooting...
ESP-ROM:esp32s3-20210327
Build:Mar 27 2021
rst:0xc (RTC_SW_CPU_RST),boot:0x8 (SPI_FAST_FLASH_BOOT)
Saved PC:0x40375838
SPIWP:0xee
Octal Flash Mode Enabled
For OPI Flash, Use Default Flash Boot Mode
mode:SLOW_RD, clock div:1
load:0x3fce3810,len:0x178c
load:0x403c9700,len:0x4
load:0x403c9704,len:0xcbc
load:0x403cc700,len:0x2d98
entry 0x403c9914
[0;32mI (37) boot: ESP-IDF v5.2-dirty 2nd stage bootloader[0m
[0;32mI (38) boot: compile time Mar 17 2024 11:51:15[0m
[0;32mI (38) boot: Multicore bootloader[0m
[0;32mI (41) boot: chip revision: v0.1[0m
[0;32mI (45) boot.esp32s3: Boot SPI Speed : 80MHz[0m
[0;32mI (50) boot.esp32s3: SPI Mode       : SLOW READ[0m
[0;32mI (55) boot.esp32s3: SPI Flash Size : 2MB[0m
[0;32mI (60) boot: Enabling RNG early entropy source...[0m
[0;32mI (65) boot: Partition Table:[0m
[0;32mI (69) boot: ## Label            Usage          Type ST Offset   Length[0m
[0;32mI (76) boot:  0 nvs              WiFi data        01 02 00009000 00006000[0m
[0;32mI (83) boot:  1 phy_init         RF data          01 01 0000f000 00001000[0m
[0;32mI (91) boot:  2 factory          factory app      00 00 00010000 00100000[0m
[0;32mI (98) boot: End of partition table[0m
[0;32mI (103) esp_image: segment 0: paddr=00010020 vaddr=3c020020 size=0e0c0h ( 57536) map[0m
[0;32mI (125) esp_image: segment 1: paddr=0001e0e8 vaddr=3fc91d00 size=01f30h (  7984) load[0m
[0;32mI (127) esp_image: segment 2: paddr=00020020 vaddr=42000020 size=1ab18h (109336) map[0m
[0;32mI (156) esp_image: segment 3: paddr=0003ab40 vaddr=3fc93c30 size=00a30h (  2608) load[0m
[0;32mI (158) esp_image: segment 4: paddr=0003b578 vaddr=40374000 size=0dcech ( 56556) load[0m
[0;32mI (178) esp_image: segment 5: paddr=0004926c vaddr=600fe010 size=00004h (     4) load[0m
[0;32mI (184) boot: Loaded app from partition at offset 0x10000[0m
[0;32mI (184) boot: Disabling RNG early entropy source...[0m
[0;32mI (198) cpu_start: Multicore app[0m
[0;32mI (207) cpu_start: Pro cpu start user code[0m
[0;32mI (207) cpu_start: cpu freq: 160000000 Hz[0m
[0;32mI (207) cpu_start: Application information:[0m
[0;32mI (210) cpu_start: Project name:     atp[0m
[0;32mI (215) cpu_start: App version:      v5.2-dirty[0m
[0;32mI (220) cpu_start: Compile time:     Mar 17 2024 11:50:57[0m
[0;32mI (226) cpu_start: ELF file SHA256:  e4d530287...[0m
[0;32mI (232) cpu_start: ESP-IDF:          v5.2-dirty[0m
[0;32mI (237) cpu_start: Min chip rev:     v0.0[0m
[0;32mI (241) cpu_start: Max chip rev:     v0.99 [0m
[0;32mI (246) cpu_start: Chip rev:         v0.1[0m
[0;32mI (251) heap_init: Initializing. RAM available for dynamic allocation:[0m
[0;32mI (258) heap_init: At 3FC95010 len 00054700 (337 KiB): RAM[0m
[0;32mI (264) heap_init: At 3FCE9710 len 00005724 (21 KiB): RAM[0m
[0;32mI (270) heap_init: At 3FCF0000 len 00008000 (32 KiB): DRAM[0m
[0;32mI (277) heap_init: At 600FE014 len 00001FD4 (7 KiB): RTCRAM[0m
[0;33mW (283) spi_flash: Octal flash chip is using but dio mode is selected, will automatically swich to Octal mode[0m
[0;32mI (294) spi_flash: detected chip: mxic (opi)[0m
[0;32mI (298) spi_flash: flash io: opi_str[0m
[0;33mW (303) spi_flash: Detected size(32768k) larger than the size in the binary image header(2048k). Using the size in the binary image header.[0m
[0;32mI (316) sleep: Configure to isolate all GPIO pins in sleep state[0m
[0;32mI (323) sleep: Enable automatic switching of GPIO sleep configuration[0m
[0;32mI (330) main_task: Started on CPU0[0m
[0;32mI (340) main_task: Calling app_main()[0m
[0;31mE (340) adc_oneshot: adc_oneshot_config_channel(141): invalid bitwidth[0m
ESP_ERROR_CHECK failed: esp_err_t 0x102 (ESP_ERR_INVALID_ARG) at 0x42008375
file: "/IDF/examples/get-started/myproject/main/atp.c" line 70
func: app_main
expression: adc_oneshot_config_channel(adc1_handle, EXAMPLE_ADC1_CHAN0, &config)

abort() was called at PC 0x40379af3 on core 0


Backtrace: 0x403758c2:0x3fc98bb0 0x40379afd:0x3fc98bd0 0x4037fcad:0x3fc98bf0 0x40379af3:0x3fc98c60 0x42008375:0x3fc98c90 0x4201a313:0x3fc98ce0 0x4037a361:0x3fc98d10




ELF file SHA256: e4d530287

Rebooting...
ESP-ROM:esp32s3-20210327
Build:Mar 27 2021
rst:0xc (RTC_SW_CPU_RST),boot:0x8 (SPI_FAST_FLASH_BOOT)
Saved PC:0x40375838
SPIWP:0xee
Octal Flash Mode Enabled
For OPI Flash, Use Default Flash Boot Mode
mode:SLOW_RD, clock div:1
load:0x3fce3810,len:0x178c
load:0x403c9700,len:0x4
load:0x403c9704,len:0xcbc
load:0x403cc700,len:0x2d98
entry 0x403c9914
[0;32mI (37) boot: ESP-IDF v5.2-dirty 2nd stage bootloader[0m
[0;32mI (38) boot: compile time Mar 17 2024 11:51:15[0m
[0;32mI (38) boot: Multicore bootloader[0m
[0;32mI (41) boot: chip revision: v0.1[0m
[0;32mI (45) boot.esp32s3: Boot SPI Speed : 80MHz[0m
[0;32mI (50) boot.esp32s3: SPI Mode       : SLOW READ[0m
[0;32mI (55) boot.esp32s3: SPI Flash Size : 2MB[0m
[0;32mI (60) boot: Enabling RNG early entropy source...[0m
[0;32mI (65) boot: Partition Table:[0m
[0;32mI (69) boot: ## Label            Usage          Type ST Offset   Length[0m
[0;32mI (76) boot:  0 nvs              WiFi data        01 02 00009000 00006000[0m
[0;32mI (83) boot:  1 phy_init         RF data          01 01 0000f000 00001000[0m
[0;32mI (91) boot:  2 factory          factory app      00 00 00010000 00100000[0m
[0;32mI (98) boot: End of partition table[0m
[0;32mI (103) esp_image: segment 0: paddr=00010020 vaddr=3c020020 size=0e0c0h ( 57536) map[0m
[0;32mI (125) esp_image: segment 1: paddr=0001e0e8 vaddr=3fc91d00 size=01f30h (  7984) load[0m
[0;32mI (127) esp_image: segment 2: paddr=00020020 vaddr=42000020 size=1ab18h (109336) map[0m
[0;32mI (156) esp_image: segment 3: paddr=0003ab40 vaddr=3fc93c30 size=00a30h (  2608) load[0m
[0;32mI (158) esp_image: segment 4: paddr=0003b578 vaddr=40374000 size=0dcech ( 56556) load[0m
[0;32mI (178) esp_image: segment 5: paddr=0004926c vaddr=600fe010 size=00004h (     4) load[0m
[0;32mI (184) boot: Loaded app from partition at offset 0x10000[0m
[0;32mI (184) boot: Disabling RNG early entropy source...[0m
[0;32mI (198) cpu_start: Multicore app[0m
[0;32mI (207) cpu_start: Pro cpu start user code[0m
[0;32mI (207) cpu_start: cpu freq: 160000000 Hz[0m
[0;32mI (207) cpu_start: Application information:[0m
[0;32mI (210) cpu_start: Project name:     atp[0m
[0;32mI (215) cpu_start: App version:      v5.2-dirty[0m
[0;32mI (220) cpu_start: Compile time:     Mar 17 2024 11:50:57[0m
[0;32mI (226) cpu_start: ELF file SHA256:  e4d530287...[0m
[0;32mI (232) cpu_start: ESP-IDF:          v5.2-dirty[0m
[0;32mI (237) cpu_start: Min chip rev:     v0.0[0m
[0;32mI (241) cpu_start: Max chip rev:     v0.99 [0m
[0;32mI (246) cpu_start: Chip rev:         v0.1[0m
[0;32mI (251) heap_init: Initializing. RAM available for dynamic allocation:[0m
[0;32mI (258) heap_init: At 3FC95010 len 00054700 (337 KiB): RAM[0m
[0;32mI (264) heap_init: At 3FCE9710 len 00005724 (21 KiB): RAM[0m
[0;32mI (270) heap_init: At 3FCF0000 len 00008000 (32 KiB): DRAM[0m
[0;32mI (277) heap_init: At 600FE014 len 00001FD4 (7 KiB): RTCRAM[0m
[0;33mW (283) spi_flash: Octal flash chip is using but dio mode is selected, will automatically swich to Octal mode[0m
[0;32mI (294) spi_flash: detected chip: mxic (opi)[0m
[0;32mI (298) spi_flash: flash io: opi_str[0m
[0;33mW (303) spi_flash: Detected size(32768k) larger than the size in the binary image header(2048k). Using the size in the binary image header.[0m
[0;32mI (316) sleep: Configure to isolate all GPIO pins in sleep state[0m
[0;32mI (323) sleep: Enable automatic switching of GPIO sleep configuration[0m
[0;32mI (330) main_task: Started on CPU0[0m
[0;32mI (340) main_task: Calling app_main()[0m
[0;31mE (340) adc_oneshot: adc_oneshot_config_channel(141): invalid bitwidth[0m
ESP_ERROR_CHECK failed: esp_err_t 0x102 (ESP_ERR_INVALID_ARG) at 0x42008375
file: "/IDF/examples/get-started/myproject/main/atp.c" line 70
func: app_main
expression: adc_oneshot_config_channel(adc1_handle, EXAMPLE_ADC1_CHAN0, &config)

abort() was called at PC 0x40379af3 on core 0


Backtrace: 0x403758c2:0x3fc98bb0 0x40379afd:0x3fc98bd0 0x4037fcad:0x3fc98bf0 0x40379af3:0x3fc98c60 0x42008375:0x3fc98c90 0x4201a313:0x3fc98ce0 0x4037a361:0x3fc98d10




ELF file SHA256: e4d530287

Rebooting...
ESP-ROM:esp32s3-20210327
Build:Mar 27 2021
rst:0xc (RTC_SW_CPU_RST),boot:0x8 (SPI_FAST_FLASH_BOOT)
Saved PC:0x40375838
SPIWP:0xee
Octal Flash Mode Enabled
For OPI Flash, Use Default Flash Boot Mode
mode:SLOW_RD, clock div:1
load:0x3fce3810,len:0x178c
load:0x403c9700,len:0x4
load:0x403c9704,len:0xcbc
load:0x403cc700,len:0x2d98
entry 0x403c9914
[0;32mI (37) boot: ESP-IDF v5.2-dirty 2nd stage bootloader[0m
[0;32mI (38) boot: compile time Mar 17 2024 11:51:15[0m
[0;32mI (38) boot: Multicore bootloader[0m
[0;32mI (41) boot: chip revision: v0.1[0m
[0;32mI (45) boot.esp32s3: Boot SPI Speed : 80MHz[0m
[0;32mI (50) boot.esp32s3: SPI Mode       : SLOW READ[0m
[0;32mI (55) boot.esp32s3: SPI Flash Size : 2MB[0m
[0;32mI (60) boot: Enabling RNG early entropy source...[0m
[0;32mI (65) boot: Partition Table:[0m
[0;32mI (69) boot: ## Label            Usage          Type ST Offset   Length[0m
[0;32mI (76) boot:  0 nvs              WiFi data        01 02 00009000 00006000[0m
[0;32mI (83) boot:  1 phy_init         RF data          01 01 0000f000 00001000[0m
[0;32mI (91) boot:  2 factory          factory app      00 00 00010000 00100000[0m
[0;32mI (98) boot: End of partition table[0m
[0;32mI (103) esp_image: segment 0: paddr=00010020 vaddr=3c020020 size=0e0c0h ( 57536) map[0m
[0;32mI (125) esp_image: segment 1: paddr=0001e0e8 vaddr=3fc91d00 size=01f30h (  7984) load[0m
[0;32mI (127) esp_image: segment 2: paddr=00020020 vaddr=42000020 size=1ab18h (109336) map[0m
[0;32mI (156) esp_image: segment 3: paddr=0003ab40 vaddr=3fc93c30 size=00a30h (  2608) load[0m
[0;32mI (158) esp_image: segment 4: paddr=0003b578 vaddr=40374000 size=0dcech ( 56556) load[0m
[0;32mI (178) esp_image: segment 5: paddr=0004926c vaddr=600fe010 size=00004h (     4) load[0m
[0;32mI (184) boot: Loaded app from partition at offset 0x10000[0m
[0;32mI (184) boot: Disabling RNG early entropy source...[0m
[0;32mI (198) cpu_start: Multicore app[0m
[0;32mI (207) cpu_start: Pro cpu start user code[0m
[0;32mI (207) cpu_start: cpu freq: 160000000 Hz[0m
[0;32mI (207) cpu_start: Application information:[0m
[0;32mI (210) cpu_start: Project name:     atp[0m
[0;32mI (215) cpu_start: App version:      v5.2-dirty[0m
[0;32mI (220) cpu_start: Compile time:     Mar 17 2024 11:50:57[0m
[0;32mI (226) cpu_start: ELF file SHA256:  e4d530287...[0m
[0;32mI (232) cpu_start: ESP-IDF:          v5.2-dirty[0m
[0;32mI (237) cpu_start: Min chip rev:     v0.0[0m
[0;32mI (241) cpu_start: Max chip rev:     v0.99 [0m
[0;32mI (246) cpu_start: Chip rev:         v0.1[0m
[0;32mI (251) heap_init: Initializing. RAM available for dynamic allocation:[0m
[0;32mI (258) heap_init: At 3FC95010 len 00054700 (337 KiB): RAM[0m
[0;32mI (264) heap_init: At 3FCE9710 len 00005724 (21 KiB): RAM[0m
[0;32mI (270) heap_init: At 3FCF0000 len 00008000 (32 KiB): DRAM[0m
[0;32mI (277) heap_init: At 600FE014 len 00001FD4 (7 KiB): RTCRAM[0m
[0;33mW (283) spi_flash: Octal flash chip is using but dio mode is selected, will automatically swich to Octal mode[0m
[0;32mI (294) spi_flash: detected chip: mxic (opi)[0m
[0;32mI (298) spi_flash: flash io: opi_str[0m
[0;33mW (303) spi_flash: Detected size(32768k) larger than the size in the binary image header(2048k). Using the size in the binary image header.[0m
[0;32mI (316) sleep: Configure to isolate all GPIO pins in sleep state[0m
[0;32mI (323) sleep: Enable automatic switching of GPIO sleep configuration[0m
[0;32mI (330) main_task: Started on CPU0[0m
[0;32mI (340) main_task: Calling app_main()[0m
[0;31mE (340) adc_oneshot: adc_oneshot_config_channel(141): invalid bitwidth[0m
ESP_ERROR_CHECK failed: esp_err_t 0x102 (ESP_ERR_INVALID_ARG) at 0x42008375
file: "/IDF/examples/get-started/myproject/main/atp.c" line 70
func: app_main
expression: adc_oneshot_config_channel(adc1_handle, EXAMPLE_ADC1_CHAN0, &config)

abort() was called at PC 0x40379af3 on core 0


Backtrace: 0x403758c2:0x3fc98bb0 0x40379afd:0x3fc98bd0 0x4037fcad:0x3fc98bf0 0x40379af3:0x3fc98c60 0x42008375:0x3fc98c90 0x4201a313:0x3fc98ce0 0x4037a361:0x3fc98d10




ELF file SHA256: e4d530287

Rebooting...
ESP-ROM:esp32s3-20210327
Build:Mar 27 2021
rst:0xc (RTC_SW_CPU_RST),boot:0x8 (SPI_FAST_FLASH_BOOT)
Saved PC:0x40375838
SPIWP:0xee
Octal Flash Mode Enabled
For OPI Flash, Use Default Flash Boot Mode
mode:SLOW_RD, clock div:1
load:0x3fce3810,len:0x178c
load:0x403c9700,len:0x4
load:0x403c9704,len:0xcbc
load:0x403cc700,len:0x2d98
entry 0x403c9914
[0;32mI (37) boot: ESP-IDF v5.2-dirty 2nd stage bootloader[0m
[0;32mI (38) boot: compile time Mar 17 2024 11:51:15[0m
[0;32mI (38) boot: Multicore bootloader[0m
[0;32mI (41) boot: chip revision: v0.1[0m
[0;32mI (45) boot.esp32s3: Boot SPI Speed : 80MHz[0m
[0;32mI (50) boot.esp32s3: SPI Mode       : SLOW READ[0m
[0;32mI (55) boot.esp32s3: SPI Flash Size : 2MB[0m
[0;32mI (60) boot: Enabling RNG early entropy source...[0m
[0;32mI (65) boot: Partition Table:[0m
[0;32mI (69) boot: ## Label            Usage          Type ST Offset   Length[0m
[0;32mI (76) boot:  0 nvs              WiFi data        01 02 00009000 00006000[0m
[0;32mI (83) boot:  1 phy_init         RF data          01 01 0000f000 00001000[0m
[0;32mI (91) boot:  2 factory          factory app      00 00 00010000 00100000[0m
[0;32mI (98) boot: End of partition table[0m
[0;32mI (103) esp_image: segment 0: paddr=00010020 vaddr=3c020020 size=0e0c0h ( 57536) map[0m
[0;32mI (125) esp_image: segment 1: paddr=0001e0e8 vaddr=3fc91d00 size=01f30h (  7984) load[0m
[0;32mI (127) esp_image: segment 2: paddr=00020020 vaddr=42000020 size=1ab18h (109336) map[0m
[0;32mI (156) esp_image: segment 3: paddr=0003ab40 vaddr=3fc93c30 size=00a30h (  2608) load[0m
[0;32mI (158) esp_image: segment 4: paddr=0003b578 vaddr=40374000 size=0dcech ( 56556) load[0m
[0;32mI (178) esp_image: segment 5: paddr=0004926c vaddr=600fe010 size=00004h (     4) load[0m
[0;32mI (184) boot: Loaded app from partition at offset 0x10000[0m
[0;32mI (184) boot: Disabling RNG early entropy source...[0m
[0;32mI (198) cpu_start: Multicore app[0m
[0;32mI (207) cpu_start: Pro cpu start user code[0m
[0;32mI (207) cpu_start: cpu freq: 160000000 Hz[0m
[0;32mI (207) cpu_start: Application information:[0m
[0;32mI (210) cpu_start: Project name:     atp[0m
[0;32mI (215) cpu_start: App version:      v5.2-dirty[0m
[0;32mI (220) cpu_start: Compile time:     Mar 17 2024 11:50:57[0m
[0;32mI (226) cpu_start: ELF file SHA256:  e4d530287...[0m
[0;32mI (232) cpu_start: ESP-IDF:          v5.2-dirty[0m
[0;32mI (237) cpu_start: Min chip rev:     v0.0[0m
[0;32mI (241) cpu_start: Max chip rev:     v0.99 [0m
[0;32mI (246) cpu_start: Chip rev:         v0.1[0m
[0;32mI (251) heap_init: Initializing. RAM available for dynamic allocation:[0m
[0;32mI (258) heap_init: At 3FC95010 len 00054700 (337 KiB): RAM[0m
[0;32mI (264) heap_init: At 3FCE9710 len 00005724 (21 KiB): RAM[0m
[0;32mI (270) heap_init: At 3FCF0000 len 00008000 (32 KiB): DRAM[0m
[0;32mI (277) heap_init: At 600FE014 len 00001FD4 (7 KiB): RTCRAM[0m
[0;33mW (283) spi_flash: Octal flash chip is using but dio mode is selected, will automatically swich to Octal mode[0m
[0;32mI (294) spi_flash: detected chip: mxic (opi)[0m
[0;32mI (298) spi_flash: flash io: opi_str[0m
[0;33mW (303) spi_flash: Detected size(32768k) larger than the size in the binary image header(2048k). Using the size in the binary image header.[0m
[0;32mI (316) sleep: Configure to isolate all GPIO pins in sleep state[0m
[0;32mI (323) sleep: Enable automatic switching of GPIO sleep configuration[0m
[0;32mI (330) main_task: Started on CPU0[0m
[0;32mI (340) main_task: Calling app_main()[0m
[0;31mE (340) adc_oneshot: adc_oneshot_config_channel(141): invalid bitwidth[0m
ESP_ERROR_CHECK failed: esp_err_t 0x102 (ESP_ERR_INVALID_ARG) at 0x42008375
file: "/IDF/examples/get-started/myproject/main/atp.c" line 70
func: app_main
expression: adc_oneshot_config_channel(adc1_handle, EXAMPLE_ADC1_CHAN0, &config)

abort() was called at PC 0x40379af3 on core 0


Backtrace: 0x403758c2:0x3fc98bb0 0x40379afd:0x3fc98bd0 0x4037fcad:0x3fc98bf0 0x40379af3:0x3fc98c60 0x42008375:0x3fc98c90 0x4201a313:0x3fc98ce0 0x4037a361:0x3fc98d10




ELF file SHA256: e4d530287

Rebooting...
ESP-ROM:esp32s3-20210327
Build:Mar 27 2021
rst:0xc (RTC_SW_CPU_RST),boot:0x8 (SPI_FAST_FLASH_BOOT)
Saved PC:0x40375838
SPIWP:0xee
Octal Flash Mode Enabled
For OPI Flash, Use Default Flash Boot Mode
mode:SLOW_RD, clock div:1
load:0x3fce3810,len:0x178c
load:0x403c9700,len:0x4
load:0x403c9704,len:0xcbc
load:0x403cc700,len:0x2d98
entry 0x403c9914
[0;32mI (37) boot: ESP-IDF v5.2-dirty 2nd stage bootloader[0m
[0;32mI (38) boot: compile time Mar 17 2024 11:51:15[0m
[0;32mI (38) boot: Multicore bootloader[0m
[0;32mI (41) boot: chip revision: v0.1[0m
[0;32mI (45) boot.esp32s3: Boot SPI Speed : 80MHz[0m
[0;32mI (50) boot.esp32s3: SPI Mode       : SLOW READ[0m
[0;32mI (55) boot.esp32s3: SPI Flash Size : 2MB[0m
[0;32mI (60) boot: Enabling RNG early entropy source...[0m
[0;32mI (65) boot: Partition Table:[0m
[0;32mI (69) boot: ## Label            Usage          Type ST Offset   Length[0m
[0;32mI (76) boot:  0 nvs              WiFi data        01 02 00009000 00006000[0m
[0;32mI (83) boot:  1 phy_init         RF data          01 01 0000f000 00001000[0m
[0;32mI (91) boot:  2 factory          factory app      00 00 00010000 00100000[0m
[0;32mI (98) boot: End of partition table[0m
[0;32mI (103) esp_image: segment 0: paddr=00010020 vaddr=3c020020 size=0e0c0h ( 57536) map[0m
[0;32mI (125) esp_image: segment 1: paddr=0001e0e8 vaddr=3fc91d00 size=01f30h (  7984) load[0m
[0;32mI (127) esp_image: segment 2: paddr=00020020 vaddr=42000020 size=1ab18h (109336) map[0m
[0;32mI (156) esp_image: segment 3: paddr=0003ab40 vaddr=3fc93c30 size=00a30h (  2608) load[0m
[0;32mI (158) esp_image: segment 4: paddr=0003b578 vaddr=40374000 size=0dcech ( 56556) load[0m
[0;32mI (178) esp_image: segment 5: paddr=0004926c vaddr=600fe010 size=00004h (     4) load[0m
[0;32mI (184) boot: Loaded app from partition at offset 0x10000[0m
[0;32mI (184) boot: Disabling RNG early entropy source...[0m
[0;32mI (198) cpu_start: Multicore app[0m
[0;32mI (207) cpu_start: Pro cpu start user code[0m
[0;32mI (207) cpu_start: cpu freq: 160000000 Hz[0m
[0;32mI (207) cpu_start: Application information:[0m
[0;32mI (210) cpu_start: Project name:     atp[0m
[0;32mI (215) cpu_start: App version:      v5.2-dirty[0m
[0;32mI (220) cpu_start: Compile time:     Mar 17 2024 11:50:57[0m
[0;32mI (226) cpu_start: ELF file SHA256:  e4d530287...[0m
[0;32mI (232) cpu_start: ESP-IDF:          v5.2-dirty[0m
[0;32mI (237) cpu_start: Min chip rev:     v0.0[0m
[0;32mI (241) cpu_start: Max chip rev:     v0.99 [0m
[0;32mI (246) cpu_start: Chip rev:         v0.1[0m
[0;32mI (251) heap_init: Initializing. RAM available for dynamic allocation:[0m
[0;32mI (258) heap_init: At 3FC95010 len 00054700 (337 KiB): RAM[0m
[0;32mI (264) heap_init: At 3FCE9710 len 00005724 (21 KiB): RAM[0m
[0;32mI (270) heap_init: At 3FCF0000 len 00008000 (32 KiB): DRAM[0m
[0;32mI (277) heap_init: At 600FE014 len 00001FD4 (7 KiB): RTCRAM[0m
[0;33mW (283) spi_flash: Octal flash chip is using but dio mode is selected, will automatically swich to Octal mode[0m
[0;32mI (294) spi_flash: detected chip: mxic (opi)[0m
[0;32mI (298) spi_flash: flash io: opi_str[0m
[0;33mW (303) spi_flash: Detected size(32768k) larger than the size in the binary image header(2048k). Using the size in the binary image header.[0m
[0;32mI (316) sleep: Configure to isolate all GPIO pins in sleep state[0m
[0;32mI (323) sleep: Enable automatic switching of GPIO sleep configuration[0m
[0;32mI (330) main_task: Started on CPU0[0m
[0;32mI (340) main_task: Calling app_main()[0m
[0;31mE (340) adc_oneshot: adc_oneshot_config_channel(141): invalid bitwidth[0m
ESP_ERROR_CHECK failed: esp_err_t 0x102 (ESP_ERR_INVALID_ARG) at 0x42008375
file: "/IDF/examples/get-started/myproject/main/atp.c" line 70
func: app_main
expression: adc_oneshot_config_channel(adc1_handle, EXAMPLE_ADC1_CHAN0, &config)

abort() was called at PC 0x40379af3 on core 0


Backtrace: 0x403758c2:0x3fc98bb0 0x40379afd:0x3fc98bd0 0x4037fcad:0x3fc98bf0 0x40379af3:0x3fc98c60 0x42008375:0x3fc98c90 0x4201a313:0x3fc98ce0 0x4037a361:0x3fc98d10




ELF file SHA256: e4d530287

Rebooting...
ESP-ROM:esp32s3-20210327
Build:Mar 27 2021
rst:0xc (RTC_SW_CPU_RST),boot:0x8 (SPI_FAST_FLASH_BOOT)
Saved PC:0x40375838
SPIWP:0xee
Octal Flash Mode Enabled
For OPI Flash, Use Default Flash Boot Mode
mode:SLOW_RD, clock div:1
load:0x3fce3810,len:0x178c
load:0x403c9700,len:0x4
load:0x403c9704,len:0xcbc
load:0x403cc700,len:0x2d98
entry 0x403c9914
[0;32mI (37) boot: ESP-IDF v5.2-dirty 2nd stage bootloader[0m
[0;32mI (38) boot: compile time Mar 17 2024 11:51:15[0m
[0;32mI (38) boot: Multicore bootloader[0m
[0;32mI (41) boot: chip revision: v0.1[0m
[0;32mI (45) boot.esp32s3: Boot SPI Speed : 80MHz[0m
[0;32mI (50) boot.esp32s3: SPI Mode       : SLOW READ[0m
[0;32mI (55) boot.esp32s3: SPI Flash Size : 2MB[0m
[0;32mI (60) boot: Enabling RNG early entropy source...[0m
[0;32mI (65) boot: Partition Table:[0m
[0;32mI (69) boot: ## Label            Usage          Type ST Offset   Length[0m
[0;32mI (76) boot:  0 nvs              WiFi data        01 02 00009000 00006000[0m
[0;32mI (83) boot:  1 phy_init         RF data          01 01 0000f000 00001000[0m
[0;32mI (91) boot:  2 factory          factory app      00 00 00010000 00100000[0m
[0;32mI (98) boot: End of partition table[0m
[0;32mI (103) esp_image: segment 0: paddr=00010020 vaddr=3c020020 size=0e0c0h ( 57536) map[0m
[0;32mI (125) esp_image: segment 1: paddr=0001e0e8 vaddr=3fc91d00 size=01f30h (  7984) load[0m
[0;32mI (127) esp_image: segment 2: paddr=00020020 vaddr=42000020 size=1ab18h (109336) map[0m
[0;32mI (156) esp_image: segment 3: paddr=0003ab40 vaddr=3fc93c30 size=00a30h (  2608) load[0m
[0;32mI (158) esp_image: segment 4: paddr=0003b578 vaddr=40374000 size=0dcech ( 56556) load[0m
[0;32mI (178) esp_image: segment 5: paddr=0004926c vaddr=600fe010 size=00004h (     4) load[0m
[0;32mI (184) boot: Loaded app from partition at offset 0x10000[0m
[0;32mI (184) boot: Disabling RNG early entropy source...[0m
[0;32mI (198) cpu_start: Multicore app[0m
[0;32mI (207) cpu_start: Pro cpu start user code[0m
[0;32mI (207) cpu_start: cpu freq: 160000000 Hz[0m
[0;32mI (207) cpu_start: Application information:[0m
[0;32mI (210) cpu_start: Project name:     atp[0m
[0;32mI (215) cpu_start: App version:      v5.2-dirty[0m
[0;32mI (220) cpu_start: Compile time:     Mar 17 2024 11:50:57[0m
[0;32mI (226) cpu_start: ELF file SHA256:  e4d530287...[0m
[0;32mI (232) cpu_start: ESP-IDF:          v5.2-dirty[0m
[0;32mI (237) cpu_start: Min chip rev:     v0.0[0m
[0;32mI (241) cpu_start: Max chip rev:     v0.99 [0m
[0;32mI (246) cpu_start: Chip rev:         v0.1[0m
[0;32mI (251) heap_init: Initializing. RAM available for dynamic allocation:[0m
[0;32mI (258) heap_init: At 3FC95010 len 00054700 (337 KiB): RAM[0m
[0;32mI (264) heap_init: At 3FCE9710 len 00005724 (21 KiB): RAM[0m
[0;32mI (270) heap_init: At 3FCF0000 len 00008000 (32 KiB): DRAM[0m
[0;32mI (277) heap_init: At 600FE014 len 00001FD4 (7 KiB): RTCRAM[0m
[0;33mW (283) spi_flash: Octal flash chip is using but dio mode is selected, will automatically swich to Octal mode[0m
[0;32mI (294) spi_flash: detected chip: mxic (opi)[0m
[0;32mI (298) spi_flash: flash io: opi_str[0m
[0;33mW (303) spi_flash: Detected size(32768k) larger than the size in the binary image header(2048k). Using the size in the binary image header.[0m
[0;32mI (316) sleep: Configure to isolate all GPIO pins in sleep state[0m
[0;32mI (323) sleep: Enable automatic switching of GPIO sleep configuration[0m
[0;32mI (330) main_task: Started on CPU0[0m
[0;32mI (340) main_task: Calling app_main()[0m
[0;31mE (340) adc_oneshot: adc_oneshot_config_channel(141): invalid bitwidth[0m
ESP_ERROR_CHECK failed: esp_err_t 0x102 (ESP_ERR_INVALID_ARG) at 0x42008375
file: "/IDF/examples/get-started/myproject/main/atp.c" line 70
func: app_main
expression: adc_oneshot_config_channel(adc1_handle, EXAMPLE_ADC1_CHAN0, &config)

abort() was called at PC 0x40379af3 on core 0


Backtrace: 0x403758c2:0x3fc98bb0 0x40379afd:0x3fc98bd0 0x4037fcad:0x3fc98bf0 0x40379af3:0x3fc98c60 0x42008375:0x3fc98c90 0x4201a313:0x3fc98ce0 0x4037a361:0x3fc98d10




ELF file SHA256: e4d530287

Rebooting...
ESP-ROM:esp32s3-20210327
Build:Mar 27 2021
rst:0xc (RTC_SW_CPU_RST),boot:0x8 (SPI_FAST_FLASH_BOOT)
Saved PC:0x40375838
SPIWP:0xee
Octal Flash Mode Enabled
For OPI Flash, Use Default Flash Boot Mode
mode:SLOW_RD, clock div:1
load:0x3fce3810,len:0x178c
load:0x403c9700,len:0x4
load:0x403c9704,len:0xcbc
load:0x403cc700,len:0x2d98
entry 0x403c9914
[0;32mI (37) boot: ESP-IDF v5.2-dirty 2nd stage bootloader[0m
[0;32mI (38) boot: compile time Mar 17 2024 11:51:15[0m
[0;32mI (38) boot: Multicore bootloader[0m
[0;32mI (41) boot: chip revision: v0.1[0m
[0;32mI (45) boot.esp32s3: Boot SPI Speed : 80MHz[0m
[0;32mI (50) boot.esp32s3: SPI Mode       : SLOW READ[0m
[0;32mI (55) boot.esp32s3: SPI Flash Size : 2MB[0m
[0;32mI (60) boot: Enabling RNG early entropy source...[0m
[0;32mI (65) boot: Partition Table:[0m
[0;32mI (69) boot: ## Label            Usage          Type ST Offset   Length[0m
[0;32mI (76) boot:  0 nvs              WiFi data        01 02 00009000 00006000[0m
[0;32mI (83) boot:  1 phy_init         RF data          01 01 0000f000 00001000[0m
[0;32mI (91) boot:  2 factory          factory app      00 00 00010000 00100000[0m
[0;32mI (98) boot: End of partition table[0m
[0;32mI (103) esp_image: segment 0: paddr=00010020 vaddr=3c020020 size=0e0c0h ( 57536) map[0m
[0;32mI (125) esp_image: segment 1: paddr=0001e0e8 vaddr=3fc91d00 size=01f30h (  7984) load[0m
[0;32mI (127) esp_image: segment 2: paddr=00020020 vaddr=42000020 size=1ab18h (109336) map[0m
[0;32mI (156) esp_image: segment 3: paddr=0003ab40 vaddr=3fc93c30 size=00a30h (  2608) load[0m
[0;32mI (158) esp_image: segment 4: paddr=0003b578 vaddr=40374000 size=0dcech ( 56556) load[0m
[0;32mI (178) esp_image: segment 5: paddr=0004926c vaddr=600fe010 size=00004h (     4) load[0m
[0;32mI (184) boot: Loaded app from partition at offset 0x10000[0m
[0;32mI (184) boot: Disabling RNG early entropy source...[0m
[0;32mI (198) cpu_start: Multicore app[0m
[0;32mI (207) cpu_start: Pro cpu start user code[0m
[0;32mI (207) cpu_start: cpu freq: 160000000 Hz[0m
[0;32mI (207) cpu_start: Application information:[0m
[0;32mI (210) cpu_start: Project name:     atp[0m
[0;32mI (215) cpu_start: App version:      v5.2-dirty[0m
[0;32mI (220) cpu_start: Compile time:     Mar 17 2024 11:50:57[0m
[0;32mI (226) cpu_start: ELF file SHA256:  e4d530287...[0m
[0;32mI (232) cpu_start: ESP-IDF:          v5.2-dirty[0m
[0;32mI (237) cpu_start: Min chip rev:     v0.0[0m
[0;32mI (241) cpu_start: Max chip rev:     v0.99 [0m
[0;32mI (246) cpu_start: Chip rev:         v0.1[0m
[0;32mI (251) heap_init: Initializing. RAM available for dynamic allocation:[0m
[0;32mI (258) heap_init: At 3FC95010 len 00054700 (337 KiB): RAM[0m
[0;32mI (264) heap_init: At 3FCE9710 len 00005724 (21 KiB): RAM[0m
[0;32mI (270) heap_init: At 3FCF0000 len 00008000 (32 KiB): DRAM[0m
[0;32mI (277) heap_init: At 600FE014 len 00001FD4 (7 KiB): RTCRAM[0m
[0;33mW (283) spi_flash: Octal flash chip is using but dio mode is selected, will automatically swich to Octal mode[0m
[0;32mI (294) spi_flash: detected chip: mxic (opi)[0m
[0;32mI (298) spi_flash: flash io: opi_str[0m
[0;33mW (303) spi_flash: Detected size(32768k) larger than the size in the binary image header(2048k). Using the size in the binary image header.[0m
[0;32mI (316) sleep: Configure to isolate all GPIO pins in sleep state[0m
[0;32mI (323) sleep: Enable automatic switching of GPIO sleep configuration[0m
[0;32mI (330) main_task: Started on CPU0[0m
[0;32mI (340) main_task: Calling app_main()[0m
[0;31mE (340) adc_oneshot: adc_oneshot_config_channel(141): invalid bitwidth[0m
ESP_ERROR_CHECK failed: esp_err_t 0x102 (ESP_ERR_INVALID_ARG) at 0x42008375
file: "/IDF/examples/get-started/myproject/main/atp.c" line 70
func: app_main
expression: adc_oneshot_config_channel(adc1_handle, EXAMPLE_ADC1_CHAN0, &config)

abort() was called at PC 0x40379af3 on core 0


Backtrace: 0x403758c2:0x3fc98bb0 0x40379afd:0x3fc98bd0 0x4037fcad:0x3fc98bf0 0x40379af3:0x3fc98c60 0x42008375:0x3fc98c90 0x4201a313:0x3fc98ce0 0x4037a361:0x3fc98d10




ELF file SHA256: e4d530287

Rebooting...
ESP-ROM:esp32s3-20210327
Build:Mar 27 2021
rst:0xc (RTC_SW_CPU_RST),boot:0x8 (SPI_FAST_FLASH_BOOT)
Saved PC:0x40375838
SPIWP:0xee
Octal Flash Mode Enabled
For OPI Flash, Use Default Flash Boot Mode
mode:SLOW_RD, clock div:1
load:0x3fce3810,len:0x178c
load:0x403c9700,len:0x4
load:0x403c9704,len:0xcbc
load:0x403cc700,len:0x2d98
entry 0x403c9914
[0;32mI (37) boot: ESP-IDF v5.2-dirty 2nd stage bootloader[0m
[0;32mI (38) boot: compile time Mar 17 2024 11:51:15[0m
[0;32mI (38) boot: Multicore bootloader[0m
[0;32mI (41) boot: chip revision: v0.1[0m
[0;32mI (45) boot.esp32s3: Boot SPI Speed : 80MHz[0m
[0;32mI (50) boot.esp32s3: SPI Mode       : SLOW READ[0m
[0;32mI (55) boot.esp32s3: SPI Flash Size : 2MB[0m
[0;32mI (60) boot: Enabling RNG early entropy source...[0m
[0;32mI (65) boot: Partition Table:[0m
[0;32mI (69) boot: ## Label            Usage          Type ST Offset   Length[0m
[0;32mI (76) boot:  0 nvs              WiFi data        01 02 00009000 00006000[0m
[0;32mI (83) boot:  1 phy_init         RF data          01 01 0000f000 00001000[0m
[0;32mI (91) boot:  2 factory          factory app      00 00 00010000 00100000[0m
[0;32mI (98) boot: End of partition table[0m
[0;32mI (103) esp_image: segment 0: paddr=00010020 vaddr=3c020020 size=0e0c0h ( 57536) map[0m
[0;32mI (125) esp_image: segment 1: paddr=0001e0e8 vaddr=3fc91d00 size=01f30h (  7984) load[0m
[0;32mI (127) esp_image: segment 2: paddr=00020020 vaddr=42000020 size=1ab18h (109336) map[0m
[0;32mI (156) esp_image: segment 3: paddr=0003ab40 vaddr=3fc93c30 size=00a30h (  2608) load[0m
[0;32mI (158) esp_image: segment 4: paddr=0003b578 vaddr=40374000 size=0dcech ( 56556) load[0m
[0;32mI (178) esp_image: segment 5: paddr=0004926c vaddr=600fe010 size=00004h (     4) load[0m
[0;32mI (184) boot: Loaded app from partition at offset 0x10000[0m
[0;32mI (184) boot: Disabling RNG early entropy source...[0m
[0;32mI (198) cpu_start: Multicore app[0m
[0;32mI (207) cpu_start: Pro cpu start user code[0m
[0;32mI (207) cpu_start: cpu freq: 160000000 Hz[0m
[0;32mI (207) cpu_start: Application information:[0m
[0;32mI (210) cpu_start: Project name:     atp[0m
[0;32mI (215) cpu_start: App version:      v5.2-dirty[0m
[0;32mI (220) cpu_start: Compile time:     Mar 17 2024 11:50:57[0m
[0;32mI (226) cpu_start: ELF file SHA256:  e4d530287...[0m
[0;32mI (232) cpu_start: ESP-IDF:          v5.2-dirty[0m
[0;32mI (237) cpu_start: Min chip rev:     v0.0[0m
[0;32mI (241) cpu_start: Max chip rev:     v0.99 [0m
[0;32mI (246) cpu_start: Chip rev:         v0.1[0m
[0;32mI (251) heap_init: Initializing. RAM available for dynamic allocation:[0m
[0;32mI (258) heap_init: At 3FC95010 len 00054700 (337 KiB): RAM[0m
[0;32mI (264) heap_init: At 3FCE9710 len 00005724 (21 KiB): RAM[0m
[0;32mI (270) heap_init: At 3FCF0000 len 00008000 (32 KiB): DRAM[0m
[0;32mI (277) heap_init: At 600FE014 len 00001FD4 (7 KiB): RTCRAM[0m
[0;33mW (283) spi_flash: Octal flash chip is using but dio mode is selected, will automatically swich to Octal mode[0m
[0;32mI (294) spi_flash: detected chip: mxic (opi)[0m
[0;32mI (298) spi_flash: flash io: opi_str[0m
[0;33mW (303) spi_flash: Detected size(32768k) larger than the size in the binary image header(2048k). Using the size in the binary image header.[0m
[0;32mI (316) sleep: Configure to isolate all GPIO pins in sleep state[0m
[0;32mI (323) sleep: Enable automatic switching of GPIO sleep configuration[0m
[0;32mI (330) main_task: Started on CPU0[0m
[0;32mI (340) main_task: Calling app_main()[0m
[0;31mE (340) adc_oneshot: adc_oneshot_config_channel(141): invalid bitwidth[0m
ESP_ERROR_CHECK failed: esp_err_t 0x102 (ESP_ERR_INVALID_ARG) at 0x42008375
file: "/IDF/examples/get-started/myproject/main/atp.c" line 70
func: app_main
expression: adc_oneshot_config_channel(adc1_handle, EXAMPLE_ADC1_CHAN0, &config)

abort() was called at PC 0x40379af3 on core 0


Backtrace: 0x403758c2:0x3fc98bb0 0x40379afd:0x3fc98bd0 0x4037fcad:0x3fc98bf0 0x40379af3:0x3fc98c60 0x42008375:0x3fc98c90 0x4201a313:0x3fc98ce0 0x4037a361:0x3fc98d10




ELF file SHA256: e4d530287

Rebooting...
ESP-ROM:esp32s3-20210327
Build:Mar 27 2021
rst:0xc (RTC_SW_CPU_RST),boot:0x8 (SPI_FAST_FLASH_BOOT)
Saved PC:0x40375838
SPIWP:0xee
Octal Flash Mode Enabled
For OPI Flash, Use Default Flash Boot Mode
mode:SLOW_RD, clock div:1
load:0x3fce3810,len:0x178c
load:0x403c9700,len:0x4
load:0x403c9704,len:0xcbc
load:0x403cc700,len:0x2d98
entry 0x403c9914
[0;32mI (37) boot: ESP-IDF v5.2-dirty 2nd stage bootloader[0m
[0;32mI (38) boot: compile time Mar 17 2024 11:51:15[0m
[0;32mI (38) boot: Multicore bootloader[0m
[0;32mI (41) boot: chip revision: v0.1[0m
[0;32mI (45) boot.esp32s3: Boot SPI Speed : 80MHz[0m
[0;32mI (50) boot.esp32s3: SPI Mode       : SLOW READ[0m
[0;32mI (55) boot.esp32s3: SPI Flash Size : 2MB[0m
[0;32mI (60) boot: Enabling RNG early entropy source...[0m
[0;32mI (65) boot: Partition Table:[0m
